Component: ARM Compiler 5.06 update 1 (build 61) Tool: armlink [4d35a8]

==============================================================================

Section Cross References

    startup_stm32f10x_hd.o(STACK) refers (Special) to heapauxi.o(.text) for __use_two_region_memory
    startup_stm32f10x_hd.o(HEAP) refers (Special) to heapauxi.o(.text) for __use_two_region_memory
    startup_stm32f10x_hd.o(RESET) refers (Special) to heapauxi.o(.text) for __use_two_region_memory
    startup_stm32f10x_hd.o(RESET) refers to startup_stm32f10x_hd.o(STACK) for __initial_sp
    startup_stm32f10x_hd.o(RESET) refers to startup_stm32f10x_hd.o(.text) for Reset_Handler
    startup_stm32f10x_hd.o(RESET) refers to wdg.o(i.WWDG_IRQHandler) for WWDG_IRQHandler
    startup_stm32f10x_hd.o(RESET) refers to hw_config.o(i.USB_LP_CAN1_RX0_IRQHandler) for USB_LP_CAN1_RX0_IRQHandler
    startup_stm32f10x_hd.o(RESET) refers to usmart.o(i.TIM4_IRQHandler) for TIM4_IRQHandler
    startup_stm32f10x_hd.o(RESET) refers to usart.o(i.USART1_IRQHandler) for USART1_IRQHandler
    startup_stm32f10x_hd.o(RESET) refers to hw_config.o(i.USBWakeUp_IRQHandler) for USBWakeUp_IRQHandler
    startup_stm32f10x_hd.o(.text) refers (Special) to heapauxi.o(.text) for __use_two_region_memory
    startup_stm32f10x_hd.o(.text) refers to __main.o(!!!main) for __main
    startup_stm32f10x_hd.o(.text) refers to startup_stm32f10x_hd.o(HEAP) for Heap_Mem
    startup_stm32f10x_hd.o(.text) refers to startup_stm32f10x_hd.o(STACK) for Stack_Mem
    delay.o(i.delay_init) refers to delay.o(.data) for fac_us
    delay.o(i.delay_ms) refers to delay.o(.data) for fac_ms
    delay.o(i.delay_us) refers to delay.o(.data) for fac_us
    sys.o(i.MYRCC_DeInit) refers to sys.o(i.MY_NVIC_SetVectorTable) for MY_NVIC_SetVectorTable
    sys.o(i.MY_NVIC_Init) refers to sys.o(i.MY_NVIC_PriorityGroupConfig) for MY_NVIC_PriorityGroupConfig
    sys.o(i.Stm32_Clock_Init) refers to sys.o(i.MYRCC_DeInit) for MYRCC_DeInit
    sys.o(i.Sys_Standby) refers to sys.o(i.WFI_SET) for WFI_SET
    usart.o(i.USART1_IRQHandler) refers (Special) to use_no_semi_2.o(.text) for __use_no_semihosting
    usart.o(i.USART1_IRQHandler) refers to usart.o(.data) for USART_RX_STA
    usart.o(i.USART1_IRQHandler) refers to usart.o(.bss) for USART_RX_BUF
    usart.o(i._sys_exit) refers (Special) to use_no_semi_2.o(.text) for __use_no_semihosting
    usart.o(i.fputc) refers (Special) to use_no_semi_2.o(.text) for __use_no_semihosting
    usart.o(i.uart_init) refers (Special) to use_no_semi_2.o(.text) for __use_no_semihosting
    usart.o(i.uart_init) refers to fflt_clz.o(x$fpl$ffltu) for __aeabi_ui2f
    usart.o(i.uart_init) refers to fdiv.o(x$fpl$fdiv) for __aeabi_fdiv
    usart.o(i.uart_init) refers to ffixu.o(x$fpl$ffixu) for __aeabi_f2uiz
    usart.o(i.uart_init) refers to faddsub_clz.o(x$fpl$frsb) for __aeabi_frsub
    usart.o(i.uart_init) refers to fmul.o(x$fpl$fmul) for __aeabi_fmul
    usart.o(i.uart_init) refers to sys.o(i.MY_NVIC_Init) for MY_NVIC_Init
    usart.o(.bss) refers (Special) to use_no_semi_2.o(.text) for __use_no_semihosting
    usart.o(.data) refers (Special) to use_no_semi_2.o(.text) for __use_no_semihosting
    transmit.o(i.main) refers to sys.o(i.Stm32_Clock_Init) for Stm32_Clock_Init
    transmit.o(i.main) refers to usart.o(i.uart_init) for uart_init
    transmit.o(i.main) refers to delay.o(i.delay_init) for delay_init
    transmit.o(i.main) refers to led.o(i.LED_Init) for LED_Init
    transmit.o(i.main) refers to ili93xx.o(i.LCD_Init) for LCD_Init
    transmit.o(i.main) refers to key.o(i.KEY_Init) for KEY_Init
    transmit.o(i.main) refers to mpu6050.o(i.MPU_Init) for MPU_Init
    transmit.o(i.main) refers to 24l01.o(i.NRF24L01_Init) for NRF24L01_Init
    transmit.o(i.main) refers to myiic.o(i.IIC_Init) for IIC_Init
    transmit.o(i.main) refers to ili93xx.o(i.LCD_ShowString) for LCD_ShowString
    transmit.o(i.main) refers to delay.o(i.delay_ms) for delay_ms
    transmit.o(i.main) refers to ili93xx.o(i.LCD_Fill) for LCD_Fill
    transmit.o(i.main) refers to 24l01.o(i.NRF24L01_Check) for NRF24L01_Check
    transmit.o(i.main) refers to 24l01.o(i.NRF24L01_TX_Mode) for NRF24L01_TX_Mode
    transmit.o(i.main) refers to mpu6050.o(i.MPU_Get_Gyroscope) for MPU_Get_Gyroscope
    transmit.o(i.main) refers to 24l01.o(i.NRF24L01_TxPacket) for NRF24L01_TxPacket
    transmit.o(i.main) refers to ili93xx.o(i.LCD_ShowNum) for LCD_ShowNum
    transmit.o(i.main) refers to ili93xx.o(.data) for POINT_COLOR
    mpu6050.o(i.MPU_Get_Accelerometer) refers to mpu6050.o(i.MPU_Read_Len) for MPU_Read_Len
    mpu6050.o(i.MPU_Get_Gyroscope) refers to mpu6050.o(i.MPU_Read_Len) for MPU_Read_Len
    mpu6050.o(i.MPU_Get_Temperature) refers to mpu6050.o(i.MPU_Read_Len) for MPU_Read_Len
    mpu6050.o(i.MPU_Get_Temperature) refers to dflt_clz.o(x$fpl$dflt) for __aeabi_i2d
    mpu6050.o(i.MPU_Get_Temperature) refers to ddiv.o(x$fpl$ddiv) for __aeabi_ddiv
[...]
    i.USB_Istr                               0x08006eb4   Section        0  usb_istr.o(i.USB_Istr)
    i.USB_LP_CAN1_RX0_IRQHandler             0x08007084   Section        0  hw_config.o(i.USB_LP_CAN1_RX0_IRQHandler)
    i.USB_SIL_Init                           0x0800708c   Section        0  usb_sil.o(i.USB_SIL_Init)
    i.USB_SIL_Read                           0x080070b0   Section        0  usb_sil.o(i.USB_SIL_Read)
    i.USB_To_USART_Send_Data                 0x080070e0   Section        0  hw_config.o(i.USB_To_USART_Send_Data)
    i.UserToPMABufferCopy                    0x08007160   Section        0  usb_mem.o(i.UserToPMABufferCopy)
    i.Virtual_Com_Port_Data_Setup            0x08007198   Section        0  usb_prop.o(i.Virtual_Com_Port_Data_Setup)
    i.Virtual_Com_Port_GetConfigDescriptor   0x080071fc   Section        0  usb_prop.o(i.Virtual_Com_Port_GetConfigDescriptor)
    i.Virtual_Com_Port_GetDeviceDescriptor   0x08007210   Section        0  usb_prop.o(i.Virtual_Com_Port_GetDeviceDescriptor)
    i.Virtual_Com_Port_GetLineCoding         0x08007224   Section        0  usb_prop.o(i.Virtual_Com_Port_GetLineCoding)
    i.Virtual_Com_Port_GetStringDescriptor   0x08007240   Section        0  usb_prop.o(i.Virtual_Com_Port_GetStringDescriptor)
    i.Virtual_Com_Port_Get_Interface_Setting 0x08007268   Section        0  usb_prop.o(i.Virtual_Com_Port_Get_Interface_Setting)
    i.Virtual_Com_Port_NoData_Setup          0x08007280   Section        0  usb_prop.o(i.Virtual_Com_Port_NoData_Setup)
    i.Virtual_Com_Port_Reset                 0x080072a8   Section        0  usb_prop.o(i.Virtual_Com_Port_Reset)
    i.Virtual_Com_Port_SetConfiguration      0x08007390   Section        0  usb_prop.o(i.Virtual_Com_Port_SetConfiguration)
    i.Virtual_Com_Port_SetDeviceAddress      0x080073a8   Section        0  usb_prop.o(i.Virtual_Com_Port_SetDeviceAddress)
    i.Virtual_Com_Port_SetLineCoding         0x080073b4   Section        0  usb_prop.o(i.Virtual_Com_Port_SetLineCoding)
    i.Virtual_Com_Port_Status_In             0x080073d0   Section        0  usb_prop.o(i.Virtual_Com_Port_Status_In)
    i.Virtual_Com_Port_Status_Out            0x080073ec   Section        0  usb_prop.o(i.Virtual_Com_Port_Status_Out)
    i.Virtual_Com_Port_init                  0x080073f0   Section        0  usb_prop.o(i.Virtual_Com_Port_init)
    i.WWDG_IRQHandler                        0x08007418   Section        0  wdg.o(i.WWDG_IRQHandler)
    i.WWDG_Set_Counter                       0x08007448   Section        0  wdg.o(i.WWDG_Set_Counter)
    i._is_digit                              0x08007458   Section        0  __printf_wp.o(i._is_digit)
    i._sys_exit                              0x08007466   Section        0  usart.o(i._sys_exit)
    i.delay_init                             0x0800746c   Section        0  delay.o(i.delay_init)
    i.delay_ms                               0x080074ac   Section        0  delay.o(i.delay_ms)
    i.delay_us                               0x080074e8   Section        0  delay.o(i.delay_us)
    i.fputc                                  0x08007524   Section        0  usart.o(i.fputc)
    i.main                                   0x08007540   Section        0  transmit.o(i.main)
    i.read_addr                              0x08007700   Section        0  usmart.o(i.read_addr)
    i.uart_init                              0x08007708   Section        0  usart.o(i.uart_init)
    i.usmart_cmd_rec                         0x080077e4   Section        0  usmart.o(i.usmart_cmd_rec)
    i.usmart_exe                             0x08007894   Section        0  usmart.o(i.usmart_exe)
    i.usmart_get_aparm                       0x08007b68   Section        0  usmart_str.o(i.usmart_get_aparm)
    i.usmart_get_cmdname                     0x08007c3c   Section        0  usmart_str.o(i.usmart_get_cmdname)
    i.usmart_get_fname                       0x08007c74   Section        0  usmart_str.o(i.usmart_get_fname)
    i.usmart_get_fparam                      0x08007e34   Section        0  usmart_str.o(i.usmart_get_fparam)
    i.usmart_get_parmpos                     0x08007f40   Section        0  usmart_str.o(i.usmart_get_parmpos)
    i.usmart_get_runtime                     0x08007f60   Section        0  usmart.o(i.usmart_get_runtime)
    i.usmart_init                            0x08007fa0   Section        0  usmart.o(i.usmart_init)
    i.usmart_pow                             0x08007fc8   Section        0  usmart_str.o(i.usmart_pow)
    i.usmart_reset_runtime                   0x08007fe0   Section        0  usmart.o(i.usmart_reset_runtime)
    i.usmart_scan                            0x08008010   Section        0  usmart.o(i.usmart_scan)
    i.usmart_search_nextc                    0x080080cc   Section        0  usmart_str.o(i.usmart_search_nextc)
    i.usmart_str2num                         0x080080e2   Section        0  usmart_str.o(i.usmart_str2num)
    i.usmart_strcmp                          0x080081e8   Section        0  usmart_str.o(i.usmart_strcmp)
    i.usmart_strcopy                         0x0800820a   Section        0  usmart_str.o(i.usmart_strcopy)
    i.usmart_strlen                          0x08008220   Section        0  usmart_str.o(i.usmart_strlen)
    i.usmart_sys_cmd_exe                     0x08008238   Section        0  usmart.o(i.usmart_sys_cmd_exe)
    i.write_addr                             0x0800892c   Section        0  usmart.o(i.write_addr)
    x$fpl$d2f                                0x08008930   Section       98  d2f.o(x$fpl$d2f)
    x$fpl$dadd                               0x08008994   Section      336  daddsub_clz.o(x$fpl$dadd)
    _dadd1                                   0x080089a5   Thumb Code     0  daddsub_clz.o(x$fpl$dadd)
    x$fpl$ddiv                               0x08008ae4   Section      688  ddiv.o(x$fpl$ddiv)
    ddiv_entry                               0x08008aeb   Thumb Code     0  ddiv.o(x$fpl$ddiv)
    x$fpl$dfixu                              0x08008d94   Section       90  dfixu.o(x$fpl$dfixu)
    x$fpl$dflt                               0x08008dee   Section       46  dflt_clz.o(x$fpl$dflt)
    x$fpl$dfltu                              0x08008e1c   Section       38  dflt_clz.o(x$fpl$dfltu)
    x$fpl$dmul                               0x08008e44   Section      340  dmul.o(x$fpl$dmul)
    x$fpl$dnaninf                            0x08008f98   Section      156  dnaninf.o(x$fpl$dnaninf)
    x$fpl$dretinf                            0x08009034   Section       12  dretinf.o(x$fpl$dretinf)
    x$fpl$dsub                               0x08009040   Section      468  daddsub_clz.o(x$fpl$dsub)
    _dsub1                                   0x08009051   Thumb Code     0  daddsub_clz.o(x$fpl$dsub)
    x$fpl$fadd                               0x08009214   Section      196  faddsub_clz.o(x$fpl$fadd)
    _fadd1                                   0x08009223   Thumb Code     0  faddsub_clz.o(x$fpl$fadd)
    x$fpl$fdiv                               0x080092d8   Section      388  fdiv.o(x$fpl$fdiv)
    _fdiv1                                   0x080092d9   Thumb Code     0  fdiv.o(x$fpl$fdiv)
    x$fpl$ffix                               0x0800945c   Section       54  ffix.o(x$fpl$ffix)
    x$fpl$ffixu                              0x08009494   Section       62  ffixu.o(x$fpl$ffixu)
    x$fpl$ffltu                              0x080094d4   Section       38  fflt_clz.o(x$fpl$ffltu)
    x$fpl$fmul                               0x080094fc   Section      258  fmul.o(x$fpl$fmul)
    x$fpl$fnaninf                            0x080095fe   Section      140  fnaninf.o(x$fpl$fnaninf)
    x$fpl$fretinf                            0x0800968a   Section       10  fretinf.o(x$fpl$fretinf)
    x$fpl$frsb                               0x08009694   Section       20  faddsub_clz.o(x$fpl$frsb)
    x$fpl$fsub                               0x080096a8   Section      234  faddsub_clz.o(x$fpl$fsub)
    _fsub1                                   0x080096b7   Thumb Code     0  faddsub_clz.o(x$fpl$fsub)
    .constdata                               0x08009792   Section     6080  ili93xx.o(.constdata)
    x$fpl$usenofp                            0x08009792   Section        0  usenofp.o(x$fpl$usenofp)
    .constdata                               0x0800af52   Section       10  24l01.o(.constdata)
    .constdata                               0x0800af5c   Section      177  usb_desc.o(.constdata)
    .constdata                               0x0800b00d   Section       40  _printf_hex_int_ll_ptr.o(.constdata)
    uc_hextab                                0x0800b00d   Data          20  _printf_hex_int_ll_ptr.o(.constdata)
    lc_hextab                                0x0800b021   Data          20  _printf_hex_int_ll_ptr.o(.constdata)
    .constdata                               0x0800b035   Section       17  __printf_flags_ss_wp.o(.constdata)
    maptable                                 0x0800b035   Data          17  __printf_flags_ss_wp.o(.constdata)
    .conststring                             0x0800b048   Section       40  usmart.o(.conststring)
    .conststring                             0x0800b070   Section      203  usmart_config.o(.conststring)
    .data                                    0x20000000   Section        4  delay.o(.data)
    fac_us                                   0x20000000   Data           1  delay.o(.data)
    fac_ms                                   0x20000002   Data           2  delay.o(.data)
    .data                                    0x20000004   Section        6  usart.o(.data)
    .data                                    0x2000000a   Section        4  ili93xx.o(.data)
    .data                                    0x2000000e   Section        1  wdg.o(.data)
    .data                                    0x20000010   Section       28  usmart.o(.data)
    .data                                    0x2000002c   Section      300  usmart_config.o(.data)
    .data                                    0x20000158   Section        2  hw_config.o(.data)
    .data                                    0x2000015a   Section       26  usb_desc.o(.data)
    .data                                    0x20000174   Section        4  usb_endp.o(.data)
    FrameCount                               0x20000174   Data           4  usb_endp.o(.data)
    .data                                    0x20000178   Section       68  usb_istr.o(.data)
    .data                                    0x200001bc   Section      148  usb_prop.o(.data)
    .data                                    0x20000250   Section       12  usb_pwr.o(.data)
    .data                                    0x2000025c   Section        3  usb_core.o(.data)
    .data                                    0x20000260   Section       20  usb_init.o(.data)
    .data                                    0x20000274   Section        4  usb_int.o(.data)
    .bss                                     0x20000278   Section      200  usart.o(.bss)
    .bss                                     0x20000340   Section       14  ili93xx.o(.bss)
    .bss                                     0x2000034e   Section     1428  hw_config.o(.bss)
    .bss                                     0x200008e2   Section       64  usb_endp.o(.bss)
    .bss                                     0x20000924   Section       32  usb_pwr.o(.bss)
    .bss                                     0x20000944   Section       28  usb_init.o(.bss)
    .bss                                     0x20000960   Section       96  libspace.o(.bss)
    HEAP                                     0x200009c0   Section      512  startup_stm32f10x_hd.o(HEAP)
    Heap_Mem                                 0x200009c0   Data         512  startup_stm32f10x_hd.o(HEAP)
    STACK                                    0x20000bc0   Section     1024  startup_stm32f10x_hd.o(STACK)
    Stack_Mem                                0x20000bc0   Data        1024  startup_stm32f10x_hd.o(STACK)
    __initial_sp                             0x20000fc0   Data           0  startup_stm32f10x_hd.o(STACK)

    Global Symbols

    Symbol Name                              Value     Ov Type        Size  Object(Section)

    BuildAttributes$$THM_ISAv4$P$D$K$B$S$PE$A:L22UL41UL21$X:L11$S22US41US21$IEEE1$IW$USESV6$~STKCKD$USESV7$~SHL$OTIME$ROPI$IEEEX$EBA8$UX$STANDARDLIB$REQ8$PRES8$EABIv2 0x00000000   Number         0  anon$$obj.o ABSOLUTE
    __ARM_use_no_argv                        0x00000000   Number         0  transmit.o ABSOLUTE
    _printf_flags                            0x00000000   Number         0  printf_stubs.o ABSOLUTE
    _printf_return_value                     0x00000000   Number         0  printf_stubs.o ABSOLUTE
    _printf_sizespec                         0x00000000   Number         0  printf_stubs.o ABSOLUTE
    _printf_widthprec                        0x00000000   Number         0  printf_stubs.o ABSOLUTE
    __ARM_exceptions_init                     - Undefined Weak Reference
    __alloca_initialize                       - Undefined Weak Reference
    __arm_preinit_                            - Undefined Weak Reference
    __cpp_initialize__aeabi_                  - Undefined Weak Reference
    __cxa_finalize                            - Undefined Weak Reference
    __sigvec_lookup                           - Undefined Weak Reference
    _atexit_init                              - Undefined Weak Reference
    _call_atexit_fns                          - Undefined Weak Reference
    _clock_init                               - Undefined Weak Reference
    _fp_trap_init                             - Undefined Weak Reference
    _fp_trap_shutdown                         - Undefined Weak Reference
    _get_lc_collate                           - Undefined Weak Reference
    _get_lc_monetary                          - Undefined Weak Reference
    _get_lc_time                              - Undefined Weak Reference
    _getenv_init                              - Undefined Weak Reference
    _handle_redirection                       - Undefined Weak Reference
    _init_alloc                               - Undefined Weak Reference
    _init_user_alloc                          - Undefined Weak Reference
    _initio                                   - Undefined Weak Reference
    _mutex_acquire                            - Undefined Weak Reference
    _mutex_release                            - Undefined Weak Reference
    _printf_fp_hex                            - Undefined Weak Reference
    _printf_mbtowc                            - Undefined Weak Reference
    _printf_wc                                - Undefined Weak Reference
    _rand_init                                - Undefined Weak Reference
    _signal_finish                            - Undefined Weak Reference
    _signal_init                              - Undefined Weak Reference
    _terminate_alloc                          - Undefined Weak Reference
    _terminate_user_alloc                     - Undefined Weak Reference
    _terminateio                              - Undefined Weak Reference
    __Vectors_Size                           0x00000130   Number         0  startup_stm32f10x_hd.o ABSOLUTE
    __Vectors                                0x08000000   Data           4  startup_stm32f10x_hd.o(RESET)
    __Vectors_End                            0x08000130   Data           0  startup_stm32f10x_hd.o(RESET)
    __main                                   0x08000131   Thumb Code     8  __main.o(!!!main)
    __scatterload                            0x08000139   Thumb Code     0  __scatter.o(!!!scatter)
    __scatterload_rt2                        0x08000139   Thumb Code    44  __scatter.o(!!!scatter)
    __scatterload_rt2_thumb_only             0x08000139   Thumb Code     0  __scatter.o(!!!scatter)
    __scatterload_null                       0x08000147   Thumb Code     0  __scatter.o(!!!scatter)
    __decompress                             0x0800016d   Thumb Code    90  __dczerorl2.o(!!dczerorl2)
    __decompress1                            0x0800016d   Thumb Code     0  __dczerorl2.o(!!dczerorl2)
    __scatterload_zeroinit                   0x080001c9   Thumb Code    28  __scatter_zi.o(!!handler_zi)
    _printf_d                                0x080001e5   Thumb Code     0  _printf_d.o(.ARM.Collect$$_printf_percent$$00000009)
    _printf_percent                          0x080001e5   Thumb Code     0  _printf_percent.o(.ARM.Collect$$_printf_percent$$00000000)
    _printf_u                                0x080001eb   Thumb Code     0  _printf_u.o(.ARM.Collect$$_printf_percent$$0000000A)
    _printf_x                                0x080001f1   Thumb Code     0  _printf_x.o(.ARM.Collect$$_printf_percent$$0000000C)
    _printf_c                                0x080001f7   Thumb Code     0  _printf_c.o(.ARM.Collect$$_printf_percent$$00000013)
    _printf_s                                0x080001fd   Thumb Code     0  _printf_s.o(.ARM.Collect$$_printf_percent$$00000014)
    _printf_percent_end                      0x08000203   Thumb Code     0  _printf_percent_end.o(.ARM.Collect$$_printf_percent$$00000017)
    __rt_lib_init                            0x08000207   Thumb Code     0  libinit.o(.ARM.Collect$$libinit$$00000000)
    __rt_lib_init_alloca_1                   0x08000209   Thumb Code     0  libinit2.o(.ARM.Collect$$libinit$$0000002E)
    __rt_lib_init_argv_1                     0x08000209   Thumb Code     0  libinit2.o(.ARM.Collect$$libinit$$0000002C)
    __rt_lib_init_atexit_1                   0x08000209   Thumb Code     0  libinit2.o(.ARM.Collect$$libinit$$0000001B)
    __rt_lib_init_clock_1                    0x08000209   Thumb Code     0  libinit2.o(.ARM.Collect$$libinit$$00000021)
    __rt_lib_init_cpp_1                      0x08000209   Thumb Code     0  libinit2.o(.ARM.Collect$$libinit$$00000032)
    __rt_lib_init_exceptions_1               0x08000209   Thumb Code     0  libinit2.o(.ARM.Collect$$libinit$$00000030)
    __rt_lib_init_fp_1                       0x08000209   Thumb Code     0  libinit2.o(.ARM.Collect$$libinit$$00000002)
    __rt_lib_init_fp_trap_1                  0x08000209   Thumb Code     0  libinit2.o(.ARM.Collect$$libinit$$0000001F)
    __rt_lib_init_getenv_1                   0x08000209   Thumb Code     0  libinit2.o(.ARM.Collect$$libinit$$00000023)
    __rt_lib_init_heap_1                     0x08000209   Thumb Code     0  libinit2.o(.ARM.Collect$$libinit$$0000000A)
    __rt_lib_init_lc_collate_1               0x08000209   Thumb Code     0  libinit2.o(.ARM.Collect$$libinit$$00000011)
    __rt_lib_init_lc_ctype_1                 0x08000209   Thumb Code     0  libinit2.o(.ARM.Collect$$libinit$$00000013)
    __rt_lib_init_lc_monetary_1              0x08000209   Thumb Code     0  libinit2.o(.ARM.Collect$$libinit$$00000015)
    __rt_lib_init_lc_numeric_1               0x08000209   Thumb Code     0  libinit2.o(.ARM.Collect$$libinit$$00000017)
    __rt_lib_init_lc_time_1                  0x08000209   Thumb Code     0  libinit2.o(.ARM.Collect$$libinit$$00000019)
    __rt_lib_init_preinit_1                  0x08000209   Thumb Code     0  libinit2.o(.ARM.Collect$$libinit$$00000004)
    __rt_lib_init_rand_1                     0x08000209   Thumb Code     0  libinit2.o(.ARM.Collect$$libinit$$0000000E)
    __rt_lib_init_return                     0x08000209   Thumb Code     0  libinit2.o(.ARM.Collect$$libinit$$00000033)
    __rt_lib_init_signal_1                   0x08000209   Thumb Code     0  libinit2.o(.ARM.Collect$$libinit$$0000001D)
    __rt_lib_init_stdio_1                    0x08000209   Thumb Code     0  libinit2.o(.ARM.Collect$$libinit$$00000025)
    __rt_lib_init_user_alloc_1               0x08000209   Thumb Code     0  libinit2.o(.ARM.Collect$$libinit$$0000000C)
    __rt_lib_shutdown                        0x0800020b   Thumb Code     0  libshutdown.o(.ARM.Collect$$libshutdown$$00000000)
    __rt_lib_shutdown_cpp_1                  0x0800020d   Thumb Code     0  libshutdown2.o(.ARM.Collect$$libshutdown$$00000002)
    __rt_lib_shutdown_fp_trap_1              0x0800020d   Thumb Code     0  libshutdown2.o(.ARM.Collect$$libshutdown$$00000007)
    __rt_lib_shutdown_heap_1                 0x0800020d   Thumb Code     0  libshutdown2.o(.ARM.Collect$$libshutdown$$0000000F)
    __rt_lib_shutdown_return                 0x0800020d   Thumb Code     0  libshutdown2.o(.ARM.Collect$$libshutdown$$00000010)
    __rt_lib_shutdown_signal_1               0x0800020d   Thumb Code     0  libshutdown2.o(.ARM.Collect$$libshutdown$$0000000A)
    __rt_lib_shutdown_stdio_1                0x0800020d   Thumb Code     0  libshutdown2.o(.ARM.Collect$$libshutdown$$00000004)
    __rt_lib_shutdown_user_alloc_1           0x0800020d   Thumb Code     0  libshutdown2.o(.ARM.Collect$$libshutdown$$0000000C)
    __rt_entry                               0x0800020f   Thumb Code     0  __rtentry.o(.ARM.Collect$$rtentry$$00000000)
    __rt_entry_presh_1                       0x0800020f   Thumb Code     0  __rtentry2.o(.ARM.Collect$$rtentry$$00000002)
    __rt_entry_sh                            0x0800020f   Thumb Code     0  __rtentry4.o(.ARM.Collect$$rtentry$$00000004)
    __rt_entry_li                            0x08000215   Thumb Code     0  __rtentry2.o(.ARM.Collect$$rtentry$$0000000A)
    __rt_entry_postsh_1                      0x08000215   Thumb Code     0  __rtentry2.o(.ARM.Collect$$rtentry$$00000009)
    __rt_entry_main                          0x08000219   Thumb Code     0  __rtentry2.o(.ARM.Collect$$rtentry$$0000000D)
    __rt_entry_postli_1                      0x08000219   Thumb Code     0  __rtentry2.o(.ARM.Collect$$rtentry$$0000000C)
    __rt_exit                                0x08000221   Thumb Code     0  rtexit.o(.ARM.Collect$$rtexit$$00000000)
    __rt_exit_ls                             0x08000223   Thumb Code     0  rtexit2.o(.ARM.Collect$$rtexit$$00000003)
    __rt_exit_prels_1                        0x08000223   Thumb Code     0  rtexit2.o(.ARM.Collect$$rtexit$$00000002)
    __rt_exit_exit                           0x08000227   Thumb Code     0  rtexit2.o(.ARM.Collect$$rtexit$$00000004)
    Reset_Handler                            0x0800022d   Thumb Code     4  startup_stm32f10x_hd.o(.text)
    NMI_Handler                              0x08000231   Thumb Code     2  startup_stm32f10x_hd.o(.text)
    HardFault_Handler                        0x08000233   Thumb Code     2  startup_stm32f10x_hd.o(.text)
    MemManage_Handler                        0x08000235   Thumb Code     2  startup_stm32f10x_hd.o(.text)
    BusFault_Handler                         0x08000237   Thumb Code     2  startup_stm32f10x_hd.o(.text)
    UsageFault_Handler                       0x08000239   Thumb Code     2  startup_stm32f10x_hd.o(.text)
    SVC_Handler                              0x0800023b   Thumb Code     2  startup_stm32f10x_hd.o(.text)
    DebugMon_Handler                         0x0800023d   Thumb Code     2  startup_stm32f10x_hd.o(.text)
    PendSV_Handler                           0x0800023f   Thumb Code     2  startup_stm32f10x_hd.o(.text)
    SysTick_Handler                          0x08000241   Thumb Code     2  startup_stm32f10x_hd.o(.text)
    ADC1_2_IRQHandler                        0x08000243   Thumb Code     0  startup_stm32f10x_hd.o(.text)
    ADC3_IRQHandler                          0x08000243   Thumb Code     0  startup_stm32f10x_hd.o(.text)
    CAN1_RX1_IRQHandler                      0x08000243   Thumb Code     0  startup_stm32f10x_hd.o(.text)
    CAN1_SCE_IRQHandler                      0x08000243   Thumb Code     0  startup_stm32f10x_hd.o(.text)
    DMA1_Channel1_IRQHandler                 0x08000243   Thumb Code     0  startup_stm32f10x_hd.o(.text)
    DMA1_Channel2_IRQHandler                 0x08000243   Thumb Code     0  startup_stm32f10x_hd.o(.text)
    DMA1_Channel3_IRQHandler                 0x08000243   Thumb Code     0  startup_stm32f10x_hd.o(.text)
    DMA1_Channel4_IRQHandler                 0x08000243   Thumb Code     0  startup_stm32f10x_hd.o(.text)
    DMA1_Channel5_IRQHandler                 0x08000243   Thumb Code     0  startup_stm32f10x_hd.o(.text)
    DMA1_Channel6_IRQHandler                 0x08000243   Thumb Code     0  startup_stm32f10x_hd.o(.text)
    DMA1_Channel7_IRQHandler                 0x08000243   Thumb Code     0  startup_stm32f10x_hd.o(.text)
    DMA2_Channel1_IRQHandler                 0x08000243   Thumb Code     0  startup_stm32f10x_hd.o(.text)
    DMA2_Channel2_IRQHandler                 0x08000243   Thumb Code     0  startup_stm32f10x_hd.o(.text)
    DMA2_Channel3_IRQHandler                 0x08000243   Thumb Code     0  startup_stm32f10x_hd.o(.text)
    DMA2_Channel4_5_IRQHandler               0x08000243   Thumb Code     0  startup_stm32f10x_hd.o(.text)
    EXTI0_IRQHandler                         0x08000243   Thumb Code     0  startup_stm32f10x_hd.o(.text)
    EXTI15_10_IRQHandler                     0x08000243   Thumb Code     0  startup_stm32f10x_hd.o(.text)
    EXTI1_IRQHandler                         0x08000243   Thumb Code     0  startup_stm32f10x_hd.o(.text)
    EXTI2_IRQHandler                         0x08000243   Thumb Code     0  startup_stm32f10x_hd.o(.text)
    EXTI3_IRQHandler                         0x08000243   Thumb Code     0  startup_stm32f10x_hd.o(.text)
    EXTI4_IRQHandler                         0x08000243   Thumb Code     0  startup_stm32f10x_hd.o(.text)
    EXTI9_5_IRQHandler                       0x08000243   Thumb Code     0  startup_stm32f10x_hd.o(.text)
    FLASH_IRQHandler                         0x08000243   Thumb Code     0  startup_stm32f10x_hd.o(.text)
    FSMC_IRQHandler                          0x08000243   Thumb Code     0  startup_stm32f10x_hd.o(.text)
    I2C1_ER_IRQHandler                       0x08000243   Thumb Code     0  startup_stm32f10x_hd.o(.text)
    I2C1_EV_IRQHandler                       0x08000243   Thumb Code     0  startup_stm32f10x_hd.o(.text)
    I2C2_ER_IRQHandler                       0x08000243   Thumb Code     0  startup_stm32f10x_hd.o(.text)
    I2C2_EV_IRQHandler                       0x08000243   Thumb Code     0  startup_stm32f10x_hd.o(.text)
    PVD_IRQHandler                           0x08000243   Thumb Code     0  startup_stm32f10x_hd.o(.text)
    RCC_IRQHandler                           0x08000243   Thumb Code     0  startup_stm32f10x_hd.o(.text)
    RTCAlarm_IRQHandler                      0x08000243   Thumb Code     0  startup_stm32f10x_hd.o(.text)
    RTC_IRQHandler                           0x08000243   Thumb Code     0  startup_stm32f10x_hd.o(.text)
    SDIO_IRQHandler                          0x08000243   Thumb Code     0  startup_stm32f10x_hd.o(.text)
    SPI1_IRQHandler                          0x08000243   Thumb Code     0  startup_stm32f10x_hd.o(.text)
    SPI2_IRQHandler                          0x08000243   Thumb Code     0  startup_stm32f10x_hd.o(.text)
    SPI3_IRQHandler                          0x08000243   Thumb Code     0  startup_stm32f10x_hd.o(.text)
    TAMPER_IRQHandler                        0x08000243   Thumb Code     0  startup_stm32f10x_hd.o(.text)
    TIM1_BRK_IRQHandler                      0x08000243   Thumb Code     0  startup_stm32f10x_hd.o(.text)
    TIM1_CC_IRQHandler                       0x08000243   Thumb Code     0  startup_stm32f10x_hd.o(.text)
    TIM1_TRG_COM_IRQHandler                  0x08000243   Thumb Code     0  startup_stm32f10x_hd.o(.text)
    TIM1_UP_IRQHandler                       0x08000243   Thumb Code     0  startup_stm32f10x_hd.o(.text)
    TIM2_IRQHandler                          0x08000243   Thumb Code     0  startup_stm32f10x_hd.o(.text)
    TIM3_IRQHandler                          0x08000243   Thumb Code     0  startup_stm32f10x_hd.o(.text)
    TIM5_IRQHandler                          0x08000243   Thumb Code     0  startup_stm32f10x_hd.o(.text)
    TIM6_IRQHandler                          0x08000243   Thumb Code     0  startup_stm32f10x_hd.o(.text)
    TIM7_IRQHandler                          0x08000243   Thumb Code     0  startup_stm32f10x_hd.o(.text)
    TIM8_BRK_IRQHandler                      0x08000243   Thumb Code     0  startup_stm32f10x_hd.o(.text)
    TIM8_CC_IRQHandler                       0x08000243   Thumb Code     0  startup_stm32f10x_hd.o(.text)
    TIM8_TRG_COM_IRQHandler                  0x08000243   Thumb Code     0  startup_stm32f10x_hd.o(.text)
    TIM8_UP_IRQHandler                       0x08000243   Thumb Code     0  startup_stm32f10x_hd.o(.text)
    UART4_IRQHandler                         0x08000243   Thumb Code     0  startup_stm32f10x_hd.o(.text)
    UART5_IRQHandler                         0x08000243   Thumb Code     0  startup_stm32f10x_hd.o(.text)
    USART2_IRQHandler                        0x08000243   Thumb Code     0  startup_stm32f10x_hd.o(.text)
    USART3_IRQHandler                        0x08000243   Thumb Code     0  startup_stm32f10x_hd.o(.text)
    USB_HP_CAN1_TX_IRQHandler                0x08000243   Thumb Code     0  startup_stm32f10x_hd.o(.text)
    __user_initial_stackheap                 0x08000245   Thumb Code     0  startup_stm32f10x_hd.o(.text)
    __use_no_semihosting                     0x08000265   Thumb Code     2  use_no_semi_2.o(.text)
    __2printf                                0x08000269   Thumb Code    20  __2printf.o(.text)
    _printf_pre_padding                      0x08000281   Thumb Code    44  _printf_pad.o(.text)
    _printf_post_padding                     0x080002ad   Thumb Code    34  _printf_pad.o(.text)
    _printf_str                              0x080002cf   Thumb Code    82  _printf_str.o(.text)
    _printf_int_dec                          0x08000321   Thumb Code   104  _printf_dec.o(.text)
    _printf_longlong_hex                     0x08000399   Thumb Code    86  _printf_hex_int_ll_ptr.o(.text)
    _printf_int_hex                          0x080003ef   Thumb Code    28  _printf_hex_int_ll_ptr.o(.text)
    _printf_ll_hex                           0x0800040b   Thumb Code    12  _printf_hex_int_ll_ptr.o(.text)
    _printf_hex_ptr                          0x08000417   Thumb Code    18  _printf_hex_int_ll_ptr.o(.text)
    __printf                                 0x0800042d   Thumb Code   388  __printf_flags_ss_wp.o(.text)
    __use_two_region_memory                  0x080005b5   Thumb Code     2  heapauxi.o(.text)
    __rt_heap_escrow$2region                 0x080005b7   Thumb Code     2  heapauxi.o(.text)
    __rt_heap_expand$2region                 0x080005b9   Thumb Code     2  heapauxi.o(.text)
    __I$use$semihosting                      0x080005bb   Thumb Code     0  use_no_semi.o(.text)
    __use_no_semihosting_swi                 0x080005bb   Thumb Code     2  use_no_semi.o(.text)
    _printf_int_common                       0x080005bd   Thumb Code   178  _printf_intcommon.o(.text)
    _printf_char_common                      0x0800067b   Thumb Code    32  _printf_char_common.o(.text)
    _printf_cs_common                        0x080006a1   Thumb Code    20  _printf_char.o(.text)
    _printf_char                             0x080006b5   Thumb Code    16  _printf_char.o(.text)
    _printf_string                           0x080006c5   Thumb Code     8  _printf_char.o(.text)
    _printf_char_file                        0x080006cd   Thumb Code    32  _printf_char_file.o(.text)
    ferror                                   0x080006f1   Thumb Code     8  ferror.o(.text)
    __user_libspace                          0x080006f9   Thumb Code     8  libspace.o(.text)
    __user_perproc_libspace                  0x080006f9   Thumb Code     0  libspace.o(.text)
    __user_perthread_libspace                0x080006f9   Thumb Code     0  libspace.o(.text)
    __user_setup_stackheap                   0x08000701   Thumb Code    74  sys_stackheap_outer.o(.text)
    exit                                     0x0800074b   Thumb Code    18  exit.o(.text)
    ByteSwap                                 0x0800075d   Thumb Code    12  usb_regs.o(i.ByteSwap)
    CTR_LP                                   0x08000769   Thumb Code   616  usb_int.o(i.CTR_LP)
    ClearDTOG_RX                             0x080009f1   Thumb Code    48  usb_regs.o(i.ClearDTOG_RX)
    ClearDTOG_TX                             0x08000a25   Thumb Code    48  usb_regs.o(i.ClearDTOG_TX)
    Clear_Status_Out                         0x08000a59   Thumb Code    34  usb_regs.o(i.Clear_Status_Out)
    EP1_IN_Callback                          0x08000e95   Thumb Code   138  usb_endp.o(i.EP1_IN_Callback)
    EP3_OUT_Callback                         0x08000f25   Thumb Code    28  usb_endp.o(i.EP3_OUT_Callback)
    Enter_LowPowerMode                       0x08000f45   Thumb Code    16  hw_config.o(i.Enter_LowPowerMode)
    GetEPRxAddr                              0x08000f75   Thumb Code    24  usb_regs.o(i.GetEPRxAddr)
    GetEPRxCount                             0x08000f95   Thumb Code    26  usb_regs.o(i.GetEPRxCount)
    GetEPTxAddr                              0x08000fb9   Thumb Code    22  usb_regs.o(i.GetEPTxAddr)
    Get_SerialNum                            0x08000fd9   Thumb Code    42  hw_config.o(i.Get_SerialNum)
    IIC_Init                                 0x0800100d   Thumb Code    52  myiic.o(i.IIC_Init)
    In0_Process                              0x08001049   Thumb Code    98  usb_core.o(i.In0_Process)
    IntToUnicode                             0x080010b9   Thumb Code    62  hw_config.o(i.IntToUnicode)
    JTAG_Set                                 0x080010f9   Thumb Code    38  sys.o(i.JTAG_Set)
    KEY_Init                                 0x08001129   Thumb Code    86  key.o(i.KEY_Init)
    LCD_Clear                                0x08001195   Thumb Code   100  ili93xx.o(i.LCD_Clear)
    LCD_Display_Dir                          0x08001201   Thumb Code   444  ili93xx.o(i.LCD_Display_Dir)
    LCD_Fast_DrawPoint                       0x080013c1   Thumb Code   370  ili93xx.o(i.LCD_Fast_DrawPoint)
    LCD_Fill                                 0x0800153d   Thumb Code   178  ili93xx.o(i.LCD_Fill)
    LCD_Init                                 0x080015f9   Thumb Code 14280  ili93xx.o(i.LCD_Init)
    LCD_Pow                                  0x08004dc9   Thumb Code    22  ili93xx.o(i.LCD_Pow)
    LCD_RD_DATA                              0x08004de1   Thumb Code    14  ili93xx.o(i.LCD_RD_DATA)
    LCD_ReadReg                              0x08004df5   Thumb Code    22  ili93xx.o(i.LCD_ReadReg)
    LCD_SSD_BackLightSet                     0x08004e0d   Thumb Code    80  ili93xx.o(i.LCD_SSD_BackLightSet)
    LCD_Scan_Dir                             0x08004e61   Thumb Code   744  ili93xx.o(i.LCD_Scan_Dir)
    LCD_SetCursor                            0x0800514d   Thumb Code   418  ili93xx.o(i.LCD_SetCursor)
    LCD_ShowChar                             0x080052f5   Thumb Code   272  ili93xx.o(i.LCD_ShowChar)
    LCD_ShowNum                              0x0800541d   Thumb Code   148  ili93xx.o(i.LCD_ShowNum)
    LCD_ShowString                           0x080054b1   Thumb Code   102  ili93xx.o(i.LCD_ShowString)
    LCD_WR_DATA                              0x08005519   Thumb Code     6  ili93xx.o(i.LCD_WR_DATA)
    LCD_WR_REG                               0x08005525   Thumb Code     6  ili93xx.o(i.LCD_WR_REG)
    LCD_WriteRAM_Prepare                     0x08005531   Thumb Code    10  ili93xx.o(i.LCD_WriteRAM_Prepare)
    LCD_WriteReg                             0x08005545   Thumb Code    10  ili93xx.o(i.LCD_WriteReg)
    LED_Init                                 0x08005555   Thumb Code   100  led.o(i.LED_Init)
    Leave_LowPowerMode                       0x080055c5   Thumb Code    30  hw_config.o(i.Leave_LowPowerMode)
    MPU_Get_Gyroscope                        0x08005605   Thumb Code    80  mpu6050.o(i.MPU_Get_Gyroscope)
    MPU_Get_Temperature                      0x08005655   Thumb Code    86  mpu6050.o(i.MPU_Get_Temperature)
    MPU_IIC_Ack                              0x080056bd   Thumb Code    62  mpuiic.o(i.MPU_IIC_Ack)
    MPU_IIC_Delay                            0x08005709   Thumb Code    10  mpuiic.o(i.MPU_IIC_Delay)
    MPU_IIC_Init                             0x08005715   Thumb Code    52  mpuiic.o(i.MPU_IIC_Init)
    MPU_IIC_NAck                             0x08005751   Thumb Code    62  mpuiic.o(i.MPU_IIC_NAck)
    MPU_IIC_Read_Byte                        0x0800579d   Thumb Code    94  mpuiic.o(i.MPU_IIC_Read_Byte)
    MPU_IIC_Send_Byte                        0x08005809   Thumb Code    80  mpuiic.o(i.MPU_IIC_Send_Byte)
    MPU_IIC_Start                            0x08005865   Thumb Code    60  mpuiic.o(i.MPU_IIC_Start)
    MPU_IIC_Stop                             0x080058ad   Thumb Code    58  mpuiic.o(i.MPU_IIC_Stop)
    MPU_IIC_Wait_Ack                         0x080058f5   Thumb Code    86  mpuiic.o(i.MPU_IIC_Wait_Ack)
    MPU_Init                                 0x08005959   Thumb Code   168  mpu6050.o(i.MPU_Init)
    MPU_Read_Byte                            0x08005a0d   Thumb Code    58  mpu6050.o(i.MPU_Read_Byte)
    MPU_Read_Len                             0x08005a47   Thumb Code   116  mpu6050.o(i.MPU_Read_Len)
    MPU_Set_Accel_Fsr                        0x08005abb   Thumb Code    16  mpu6050.o(i.MPU_Set_Accel_Fsr)
    MPU_Set_Gyro_Fsr                         0x08005acb   Thumb Code    16  mpu6050.o(i.MPU_Set_Gyro_Fsr)
    MPU_Set_LPF                              0x08005adb   Thumb Code    58  mpu6050.o(i.MPU_Set_LPF)
    MPU_Set_Rate                             0x08005b15   Thumb Code    58  mpu6050.o(i.MPU_Set_Rate)
    MPU_Write_Byte                           0x08005b4f   Thumb Code    68  mpu6050.o(i.MPU_Write_Byte)
    MYRCC_DeInit                             0x08005b95   Thumb Code    90  sys.o(i.MYRCC_DeInit)
    MY_NVIC_Init                             0x08005bfd   Thumb Code   116  sys.o(i.MY_NVIC_Init)
    MY_NVIC_PriorityGroupConfig              0x08005c75   Thumb Code    32  sys.o(i.MY_NVIC_PriorityGroupConfig)
    MY_NVIC_SetVectorTable                   0x08005c9d   Thumb Code    12  sys.o(i.MY_NVIC_SetVectorTable)
    NOP_Process                              0x08005cb1   Thumb Code     2  usb_core.o(i.NOP_Process)
    NRF24L01_Check                           0x08005cb5   Thumb Code    72  24l01.o(i.NRF24L01_Check)
    NRF24L01_Init                            0x08005d05   Thumb Code   176  24l01.o(i.NRF24L01_Init)
    NRF24L01_Read_Buf                        0x08005dcd   Thumb Code    56  24l01.o(i.NRF24L01_Read_Buf)
    NRF24L01_Read_Reg                        0x08005e09   Thumb Code    36  24l01.o(i.NRF24L01_Read_Reg)
    NRF24L01_TX_Mode                         0x08005e35   Thumb Code    86  24l01.o(i.NRF24L01_TX_Mode)
    NRF24L01_TxPacket                        0x08005e9d   Thumb Code    94  24l01.o(i.NRF24L01_TxPacket)
    NRF24L01_Write_Buf                       0x08005f05   Thumb Code    56  24l01.o(i.NRF24L01_Write_Buf)
    NRF24L01_Write_Reg                       0x08005f41   Thumb Code    38  24l01.o(i.NRF24L01_Write_Reg)
    Out0_Process                             0x080060a9   Thumb Code    70  usb_core.o(i.Out0_Process)
    PMAToUserBufferCopy                      0x080060f9   Thumb Code    34  usb_mem.o(i.PMAToUserBufferCopy)
    Post0_Process                            0x08006121   Thumb Code    54  usb_core.o(i.Post0_Process)
    PowerOn                                  0x08006169   Thumb Code    54  usb_pwr.o(i.PowerOn)
    Resume                                   0x080061a9   Thumb Code   194  usb_pwr.o(i.Resume)
    Resume_Init                              0x08006279   Thumb Code    30  usb_pwr.o(i.Resume_Init)
    SOF_Callback                             0x0800629d   Thumb Code    38  usb_endp.o(i.SOF_Callback)
    SPI2_Init                                0x080062cd   Thumb Code   162  spi.o(i.SPI2_Init)
    SPI2_ReadWriteByte                       0x08006381   Thumb Code    82  spi.o(i.SPI2_ReadWriteByte)
    SPI2_SetSpeed                            0x080063d9   Thumb Code    40  spi.o(i.SPI2_SetSpeed)
    SetBTABLE                                0x08006405   Thumb Code    12  usb_regs.o(i.SetBTABLE)
    SetDeviceAddress                         0x08006415   Thumb Code    68  usb_core.o(i.SetDeviceAddress)
    SetEPRxAddr                              0x08006465   Thumb Code    26  usb_regs.o(i.SetEPRxAddr)
    SetEPRxCount                             0x08006489   Thumb Code    68  usb_regs.o(i.SetEPRxCount)
    SetEPRxStatus                            0x080064d5   Thumb Code    60  usb_regs.o(i.SetEPRxStatus)
    SetEPRxValid                             0x08006515   Thumb Code    48  usb_regs.o(i.SetEPRxValid)
    SetEPTxAddr                              0x08006549   Thumb Code    24  usb_regs.o(i.SetEPTxAddr)
    SetEPTxCount                             0x08006569   Thumb Code    20  usb_regs.o(i.SetEPTxCount)
    SetEPTxStatus                            0x08006585   Thumb Code    60  usb_regs.o(i.SetEPTxStatus)
    SetEPTxValid                             0x080065c5   Thumb Code    48  usb_regs.o(i.SetEPTxValid)
    SetEPType                                0x080065f9   Thumb Code    32  usb_regs.o(i.SetEPType)
    Setup0_Process                           0x0800661d   Thumb Code   170  usb_core.o(i.Setup0_Process)
    Standard_ClearFeature                    0x080066d5   Thumb Code   342  usb_core.o(i.Standard_ClearFeature)
    Standard_GetConfiguration                0x08006841   Thumb Code    34  usb_core.o(i.Standard_GetConfiguration)
    Standard_GetDescriptorData               0x0800686d   Thumb Code    32  usb_core.o(i.Standard_GetDescriptorData)
    Standard_GetInterface                    0x08006891   Thumb Code    34  usb_core.o(i.Standard_GetInterface)
    Standard_GetStatus                       0x080068bd   Thumb Code   238  usb_core.o(i.Standard_GetStatus)
    Standard_SetConfiguration                0x080069bd   Thumb Code    60  usb_core.o(i.Standard_SetConfiguration)
    Standard_SetDeviceFeature                0x08006a05   Thumb Code    30  usb_core.o(i.Standard_SetDeviceFeature)
    Standard_SetEndPointFeature              0x08006a2d   Thumb Code   192  usb_core.o(i.Standard_SetEndPointFeature)
    Standard_SetInterface                    0x08006afd   Thumb Code    96  usb_core.o(i.Standard_SetInterface)
    Stm32_Clock_Init                         0x08006b69   Thumb Code   134  sys.o(i.Stm32_Clock_Init)
    Suspend                                  0x08006bf9   Thumb Code   142  usb_pwr.o(i.Suspend)
    TIM4_IRQHandler                          0x08006c95   Thumb Code    50  usmart.o(i.TIM4_IRQHandler)
    Timer4_Init                              0x08006cd1   Thumb Code    72  usmart.o(i.Timer4_Init)
    USART1_IRQHandler                        0x08006d21   Thumb Code   118  usart.o(i.USART1_IRQHandler)
    USART_Config                             0x08006da5   Thumb Code    62  hw_config.o(i.USART_Config)
    USBWakeUp_IRQHandler                     0x08006e59   Thumb Code    14  hw_config.o(i.USBWakeUp_IRQHandler)
    USB_Cable_Config                         0x08006e6d   Thumb Code    22  hw_config.o(i.USB_Cable_Config)
    USB_Istr                                 0x08006eb5   Thumb Code   426  usb_istr.o(i.USB_Istr)
    USB_LP_CAN1_RX0_IRQHandler               0x08007085   Thumb Code     8  hw_config.o(i.USB_LP_CAN1_RX0_IRQHandler)
    USB_SIL_Init                             0x0800708d   Thumb Code    28  usb_sil.o(i.USB_SIL_Init)
    USB_SIL_Read                             0x080070b1   Thumb Code    46  usb_sil.o(i.USB_SIL_Read)
    USB_To_USART_Send_Data                   0x080070e1   Thumb Code   120  hw_config.o(i.USB_To_USART_Send_Data)
    UserToPMABufferCopy                      0x08007161   Thumb Code    52  usb_mem.o(i.UserToPMABufferCopy)
    Virtual_Com_Port_Data_Setup              0x08007199   Thumb Code    82  usb_prop.o(i.Virtual_Com_Port_Data_Setup)
    Virtual_Com_Port_GetConfigDescriptor     0x080071fd   Thumb Code    14  usb_prop.o(i.Virtual_Com_Port_GetConfigDescriptor)
    Virtual_Com_Port_GetDeviceDescriptor     0x08007211   Thumb Code    14  usb_prop.o(i.Virtual_Com_Port_GetDeviceDescriptor)
    Virtual_Com_Port_GetLineCoding           0x08007225   Thumb Code    20  usb_prop.o(i.Virtual_Com_Port_GetLineCoding)
    Virtual_Com_Port_GetStringDescriptor     0x08007241   Thumb Code    32  usb_prop.o(i.Virtual_Com_Port_GetStringDescriptor)
    Virtual_Com_Port_Get_Interface_Setting   0x08007269   Thumb Code    22  usb_prop.o(i.Virtual_Com_Port_Get_Interface_Setting)
    Virtual_Com_Port_NoData_Setup            0x08007281   Thumb Code    36  usb_prop.o(i.Virtual_Com_Port_NoData_Setup)
    Virtual_Com_Port_Reset                   0x080072a9   Thumb Code   216  usb_prop.o(i.Virtual_Com_Port_Reset)
    Virtual_Com_Port_SetConfiguration        0x08007391   Thumb Code    14  usb_prop.o(i.Virtual_Com_Port_SetConfiguration)
    Virtual_Com_Port_SetDeviceAddress        0x080073a9   Thumb Code     8  usb_prop.o(i.Virtual_Com_Port_SetDeviceAddress)
    Virtual_Com_Port_SetLineCoding           0x080073b5   Thumb Code    20  usb_prop.o(i.Virtual_Com_Port_SetLineCoding)
    Virtual_Com_Port_Status_In               0x080073d1   Thumb Code    22  usb_prop.o(i.Virtual_Com_Port_Status_In)
    Virtual_Com_Port_Status_Out              0x080073ed   Thumb Code     2  usb_prop.o(i.Virtual_Com_Port_Status_Out)
    Virtual_Com_Port_init                    0x080073f1   Thumb Code    30  usb_prop.o(i.Virtual_Com_Port_init)
    WWDG_IRQHandler                          0x08007419   Thumb Code    34  wdg.o(i.WWDG_IRQHandler)
    WWDG_Set_Counter                         0x08007449   Thumb Code    10  wdg.o(i.WWDG_Set_Counter)
    _is_digit                                0x08007459   Thumb Code    14  __printf_wp.o(i._is_digit)
    _sys_exit                                0x08007467   Thumb Code     6  usart.o(i._sys_exit)
    delay_init                               0x0800746d   Thumb Code    56  delay.o(i.delay_init)
    delay_ms                                 0x080074ad   Thumb Code    56  delay.o(i.delay_ms)
    delay_us                                 0x080074e9   Thumb Code    56  delay.o(i.delay_us)
    fputc                                    0x08007525   Thumb Code    24  usart.o(i.fputc)
    main                                     0x08007541   Thumb Code   358  transmit.o(i.main)
    read_addr                                0x08007701   Thumb Code     6  usmart.o(i.read_addr)
    uart_init                                0x08007709   Thumb Code   202  usart.o(i.uart_init)
    usmart_cmd_rec                           0x080077e5   Thumb Code   170  usmart.o(i.usmart_cmd_rec)
    usmart_exe                               0x08007895   Thumb Code   632  usmart.o(i.usmart_exe)
    usmart_get_aparm                         0x08007b69   Thumb Code   212  usmart_str.o(i.usmart_get_aparm)
    usmart_get_cmdname                       0x08007c3d   Thumb Code    54  usmart_str.o(i.usmart_get_cmdname)
    usmart_get_fname                         0x08007c75   Thumb Code   440  usmart_str.o(i.usmart_get_fname)
    usmart_get_fparam                        0x08007e35   Thumb Code   262  usmart_str.o(i.usmart_get_fparam)
    usmart_get_parmpos                       0x08007f41   Thumb Code    26  usmart_str.o(i.usmart_get_parmpos)
    usmart_get_runtime                       0x08007f61   Thumb Code    56  usmart.o(i.usmart_get_runtime)
    usmart_init                              0x08007fa1   Thumb Code    36  usmart.o(i.usmart_init)
    usmart_pow                               0x08007fc9   Thumb Code    22  usmart_str.o(i.usmart_pow)
    usmart_reset_runtime                     0x08007fe1   Thumb Code    38  usmart.o(i.usmart_reset_runtime)
    usmart_scan                              0x08008011   Thumb Code   120  usmart.o(i.usmart_scan)
    usmart_search_nextc                      0x080080cd   Thumb Code    22  usmart_str.o(i.usmart_search_nextc)
    usmart_str2num                           0x080080e3   Thumb Code   262  usmart_str.o(i.usmart_str2num)
    usmart_strcmp                            0x080081e9   Thumb Code    34  usmart_str.o(i.usmart_strcmp)
    usmart_strcopy                           0x0800820b   Thumb Code    22  usmart_str.o(i.usmart_strcopy)
    usmart_strlen                            0x08008221   Thumb Code    24  usmart_str.o(i.usmart_strlen)
    usmart_sys_cmd_exe                       0x08008239   Thumb Code  1570  usmart.o(i.usmart_sys_cmd_exe)
    write_addr                               0x0800892d   Thumb Code     4  usmart.o(i.write_addr)
    __aeabi_d2f                              0x08008931   Thumb Code     0  d2f.o(x$fpl$d2f)
    _d2f                                     0x08008931   Thumb Code    98  d2f.o(x$fpl$d2f)
    __aeabi_dadd                             0x08008995   Thumb Code     0  daddsub_clz.o(x$fpl$dadd)
    _dadd                                    0x08008995   Thumb Code   332  daddsub_clz.o(x$fpl$dadd)
    __aeabi_ddiv                             0x08008ae5   Thumb Code     0  ddiv.o(x$fpl$ddiv)
    _ddiv                                    0x08008ae5   Thumb Code   552  ddiv.o(x$fpl$ddiv)
    __aeabi_d2uiz                            0x08008d95   Thumb Code     0  dfixu.o(x$fpl$dfixu)
    _dfixu                                   0x08008d95   Thumb Code    90  dfixu.o(x$fpl$dfixu)
    __aeabi_i2d                              0x08008def   Thumb Code     0  dflt_clz.o(x$fpl$dflt)
    _dflt                                    0x08008def   Thumb Code    46  dflt_clz.o(x$fpl$dflt)
    __aeabi_ui2d                             0x08008e1d   Thumb Code     0  dflt_clz.o(x$fpl$dfltu)
    _dfltu                                   0x08008e1d   Thumb Code    38  dflt_clz.o(x$fpl$dfltu)
    __aeabi_dmul                             0x08008e45   Thumb Code     0  dmul.o(x$fpl$dmul)
    _dmul                                    0x08008e45   Thumb Code   332  dmul.o(x$fpl$dmul)
    __fpl_dnaninf                            0x08008f99   Thumb Code   156  dnaninf.o(x$fpl$dnaninf)
    __fpl_dretinf                            0x08009035   Thumb Code    12  dretinf.o(x$fpl$dretinf)
    __aeabi_dsub                             0x08009041   Thumb Code     0  daddsub_clz.o(x$fpl$dsub)
    _dsub                                    0x08009041   Thumb Code   464  daddsub_clz.o(x$fpl$dsub)
    __aeabi_fadd                             0x08009215   Thumb Code     0  faddsub_clz.o(x$fpl$fadd)
    _fadd                                    0x08009215   Thumb Code   196  faddsub_clz.o(x$fpl$fadd)
    __aeabi_fdiv                             0x080092d9   Thumb Code     0  fdiv.o(x$fpl$fdiv)
    _fdiv                                    0x080092d9   Thumb Code   384  fdiv.o(x$fpl$fdiv)
    __aeabi_f2iz                             0x0800945d   Thumb Code     0  ffix.o(x$fpl$ffix)
    _ffix                                    0x0800945d   Thumb Code    54  ffix.o(x$fpl$ffix)
    __aeabi_f2uiz                            0x08009495   Thumb Code     0  ffixu.o(x$fpl$ffixu)
    _ffixu                                   0x08009495   Thumb Code    62  ffixu.o(x$fpl$ffixu)
    __aeabi_ui2f                             0x080094d5   Thumb Code     0  fflt_clz.o(x$fpl$ffltu)
    _ffltu                                   0x080094d5   Thumb Code    38  fflt_clz.o(x$fpl$ffltu)
    __aeabi_fmul                             0x080094fd   Thumb Code     0  fmul.o(x$fpl$fmul)
    _fmul                                    0x080094fd   Thumb Code   258  fmul.o(x$fpl$fmul)
    __fpl_fnaninf                            0x080095ff   Thumb Code   140  fnaninf.o(x$fpl$fnaninf)
    __fpl_fretinf                            0x0800968b   Thumb Code    10  fretinf.o(x$fpl$fretinf)
    __aeabi_frsub                            0x08009695   Thumb Code     0  faddsub_clz.o(x$fpl$frsb)
    _frsb                                    0x08009695   Thumb Code    20  faddsub_clz.o(x$fpl$frsb)
    __aeabi_fsub                             0x080096a9   Thumb Code     0  faddsub_clz.o(x$fpl$fsub)
    _fsub                                    0x080096a9   Thumb Code   234  faddsub_clz.o(x$fpl$fsub)
    __I$use$fp                               0x08009792   Number         0  usenofp.o(x$fpl$usenofp)
    asc2_1206                                0x08009792   Data        1140  ili93xx.o(.constdata)
    asc2_1608                                0x08009c06   Data        1520  ili93xx.o(.constdata)
    asc2_2412                                0x0800a1f6   Data        3420  ili93xx.o(.constdata)
    TX_ADDRESS                               0x0800af52   Data           5  24l01.o(.constdata)
    RX_ADDRESS                               0x0800af57   Data           5  24l01.o(.constdata)
    Virtual_Com_Port_DeviceDescriptor        0x0800af5c   Data          18  usb_desc.o(.constdata)
    Virtual_Com_Port_ConfigDescriptor        0x0800af6e   Data          67  usb_desc.o(.constdata)
    Virtual_Com_Port_StringLangID            0x0800afb1   Data           4  usb_desc.o(.constdata)
    Virtual_Com_Port_StringVendor            0x0800afb5   Data          38  usb_desc.o(.constdata)
    Virtual_Com_Port_StringProduct           0x0800afdb   Data          50  usb_desc.o(.constdata)
    Region$$Table$$Base                      0x0800b13c   Number         0  anon$$obj.o(Region$$Table)
    Region$$Table$$Limit                     0x0800b15c   Number         0  anon$$obj.o(Region$$Table)
    __stdout                                 0x20000004   Data           4  usart.o(.data)
    USART_RX_STA                             0x20000008   Data           2  usart.o(.data)
    POINT_COLOR                              0x2000000a   Data           2  ili93xx.o(.data)
    BACK_COLOR                               0x2000000c   Data           2  ili93xx.o(.data)
    WWDG_CNT                                 0x2000000e   Data           1  wdg.o(.data)
    sys_cmd_tab                              0x20000010   Data          28  usmart.o(.data)
    usmart_nametab                           0x2000002c   Data          56  usmart_config.o(.data)
    usmart_dev                               0x20000064   Data         244  usmart_config.o(.data)
    USB_USART_RX_STA                         0x20000158   Data           2  hw_config.o(.data)
    Virtual_Com_Port_StringSerial            0x2000015a   Data          26  usb_desc.o(.data)
    wIstr                                    0x20000178   Data           2  usb_istr.o(.data)
    bIntPackSOF                              0x2000017a   Data           1  usb_istr.o(.data)
    esof_counter                             0x2000017c   Data           4  usb_istr.o(.data)
    wCNTR                                    0x20000180   Data           4  usb_istr.o(.data)
    pEpInt_IN                                0x20000184   Data          28  usb_istr.o(.data)
    pEpInt_OUT                               0x200001a0   Data          28  usb_istr.o(.data)
    Request                                  0x200001bc   Data           1  usb_prop.o(.data)
    linecoding                               0x200001c0   Data           8  usb_prop.o(.data)
    Device_Table                             0x200001c8   Data           2  usb_prop.o(.data)
    Device_Property                          0x200001cc   Data          48  usb_prop.o(.data)
    User_Standard_Requests                   0x200001fc   Data          36  usb_prop.o(.data)
    Device_Descriptor                        0x20000220   Data           8  usb_prop.o(.data)
    Config_Descriptor                        0x20000228   Data           8  usb_prop.o(.data)
    String_Descriptor                        0x20000230   Data          32  usb_prop.o(.data)
    bDeviceState                             0x20000250   Data           4  usb_pwr.o(.data)
    fSuspendEnabled                          0x20000254   Data           1  usb_pwr.o(.data)
    ResumeS                                  0x20000255   Data           2  usb_pwr.o(.data)
    remotewakeupon                           0x20000258   Data           4  usb_pwr.o(.data)
    StatusInfo                               0x2000025c   Data           2  usb_core.o(.data)
    Data_Mul_MaxPacketSize                   0x2000025e   Data           1  usb_core.o(.data)
    EPindex                                  0x20000260   Data           1  usb_init.o(.data)
    pInformation                             0x20000264   Data           4  usb_init.o(.data)
    pProperty                                0x20000268   Data           4  usb_init.o(.data)
    SaveState                                0x2000026c   Data           2  usb_init.o(.data)
    wInterrupt_Mask                          0x2000026e   Data           2  usb_init.o(.data)
    pUser_Standard_Requests                  0x20000270   Data           4  usb_init.o(.data)
    SaveRState                               0x20000274   Data           2  usb_int.o(.data)
    SaveTState                               0x20000276   Data           2  usb_int.o(.data)
    USART_RX_BUF                             0x20000278   Data         200  usart.o(.bss)
    lcddev                                   0x20000340   Data          14  ili93xx.o(.bss)
    uu_txfifo                                0x2000034e   Data        1028  hw_config.o(.bss)
    USART_PRINTF_Buffer                      0x20000752   Data         200  hw_config.o(.bss)
    USB_USART_RX_BUF                         0x2000081a   Data         200  hw_config.o(.bss)
    USB_Rx_Buffer                            0x200008e2   Data          64  usb_endp.o(.bss)
    EP                                       0x20000924   Data          32  usb_pwr.o(.bss)
    Device_Info                              0x20000944   Data          28  usb_init.o(.bss)
    __libspace_start                         0x20000960   Data          96  libspace.o(.bss)
    __temporary_stack_top$libspace           0x200009c0   Data           0  libspace.o(.bss)



==============================================================================

Memory Map of the image

  Image Entry point : 0x08000131

  Load Region LR_IROM1 (Base: 0x08000000, Size: 0x0000b3d4, Max: 0x00080000, ABSOLUTE, COMPRESSED[0x0000b238])

    Execution Region ER_IROM1 (Base: 0x08000000, Size: 0x0000b15c, Max: 0x00080000, ABSOLUTE)

    Base Addr    Size         Type   Attr      Idx    E Section Name        Object

    0x08000000   0x00000130   Data   RO            3    RESET               startup_stm32f10x_hd.o
    0x08000130   0x00000008   Code   RO         2637  * !!!main             c_w.l(__main.o)
    0x08000138   0x00000034   Code   RO         3062    !!!scatter          c_w.l(__scatter.o)
    0x0800016c   0x0000005a   Code   RO         3060    !!dczerorl2         c_w.l(__dczerorl2.o)
    0x080001c6   0x00000002   PAD
    0x080001c8   0x0000001c   Code   RO         3064    !!handler_zi        c_w.l(__scatter_zi.o)
    0x080001e4   0x00000000   Code   RO         2628    .ARM.Collect$$_printf_percent$$00000000  c_w.l(_printf_percent.o)
    0x080001e4   0x00000006   Code   RO         2626    .ARM.Collect$$_printf_percent$$00000009  c_w.l(_printf_d.o)
    0x080001ea   0x00000006   Code   RO         2627    .ARM.Collect$$_printf_percent$$0000000A  c_w.l(_printf_u.o)
    0x080001f0   0x00000006   Code   RO         2625    .ARM.Collect$$_printf_percent$$0000000C  c_w.l(_printf_x.o)
    0x080001f6   0x00000006   Code   RO         2623    .ARM.Collect$$_printf_percent$$00000013  c_w.l(_printf_c.o)
    0x080001fc   0x00000006   Code   RO         2624    .ARM.Collect$$_printf_percent$$00000014  c_w.l(_printf_s.o)
    0x08000202   0x00000004   Code   RO         2759    .ARM.Collect$$_printf_percent$$00000017  c_w.l(_printf_percent_end.o)
    0x08000206   0x00000002   Code   RO         2920    .ARM.Collect$$libinit$$00000000  c_w.l(libinit.o)
    0x08000208   0x00000000   Code   RO         2939    .ARM.Collect$$libinit$$00000002  c_w.l(libinit2.o)
    0x08000208   0x00000000   Code   RO         2941    .ARM.Collect$$libinit$$00000004  c_w.l(libinit2.o)
    0x08000208   0x00000000   Code   RO         2944    .ARM.Collect$$libinit$$0000000A  c_w.l(libinit2.o)
    0x08000208   0x00000000   Code   RO         2946    .ARM.Collect$$libinit$$0000000C  c_w.l(libinit2.o)
    0x08000208   0x00000000   Code   RO         2948    .ARM.Collect$$libinit$$0000000E  c_w.l(libinit2.o)
    0x08000208   0x00000000   Code   RO         2951    .ARM.Collect$$libinit$$00000011  c_w.l(libinit2.o)
    0x08000208   0x00000000   Code   RO         2953    .ARM.Collect$$libinit$$00000013  c_w.l(libinit2.o)
    0x08000208   0x00000000   Code   RO         2955    .ARM.Collect$$libinit$$00000015  c_w.l(libinit2.o)
    0x08000208   0x00000000   Code   RO         2957    .ARM.Collect$$libinit$$00000017  c_w.l(libinit2.o)
    0x08000208   0x00000000   Code   RO         2959    .ARM.Collect$$libinit$$00000019  c_w.l(libinit2.o)
    0x08000208   0x00000000   Code   RO         2961    .ARM.Collect$$libinit$$0000001B  c_w.l(libinit2.o)
    0x08000208   0x00000000   Code   RO         2963    .ARM.Collect$$libinit$$0000001D  c_w.l(libinit2.o)
    0x08000208   0x00000000   Code   RO         2965    .ARM.Collect$$libinit$$0000001F  c_w.l(libinit2.o)
    0x08000208   0x00000000   Code   RO         2967    .ARM.Collect$$libinit$$00000021  c_w.l(libinit2.o)
    0x08000208   0x00000000   Code   RO         2969    .ARM.Collect$$libinit$$00000023  c_w.l(libinit2.o)
    0x08000208   0x00000000   Code   RO         2971    .ARM.Collect$$libinit$$00000025  c_w.l(libinit2.o)
    0x08000208   0x00000000   Code   RO         2975    .ARM.Collect$$libinit$$0000002C  c_w.l(libinit2.o)
    0x08000208   0x00000000   Code   RO         2977    .ARM.Collect$$libinit$$0000002E  c_w.l(libinit2.o)
    0x08000208   0x00000000   Code   RO         2979    .ARM.Collect$$libinit$$00000030  c_w.l(libinit2.o)
    0x08000208   0x00000000   Code   RO         2981    .ARM.Collect$$libinit$$00000032  c_w.l(libinit2.o)
    0x08000208   0x00000002   Code   RO         2982    .ARM.Collect$$libinit$$00000033  c_w.l(libinit2.o)
    0x0800020a   0x00000002   Code   RO         3012    .ARM.Collect$$libshutdown$$00000000  c_w.l(libshutdown.o)
    0x0800020c   0x00000000   Code   RO         3026    .ARM.Collect$$libshutdown$$00000002  c_w.l(libshutdown2.o)
    0x0800020c   0x00000000   Code   RO         3028    .ARM.Collect$$libshutdown$$00000004  c_w.l(libshutdown2.o)
    0x0800020c   0x00000000   Code   RO         3031    .ARM.Collect$$libshutdown$$00000007  c_w.l(libshutdown2.o)
    0x0800020c   0x00000000   Code   RO         3034    .ARM.Collect$$libshutdown$$0000000A  c_w.l(libshutdown2.o)
    0x0800020c   0x00000000   Code   RO         3036    .ARM.Collect$$libshutdown$$0000000C  c_w.l(libshutdown2.o)
    0x0800020c   0x00000000   Code   RO         3039    .ARM.Collect$$libshutdown$$0000000F  c_w.l(libshutdown2.o)
    0x0800020c   0x00000002   Code   RO         3040    .ARM.Collect$$libshutdown$$00000010  c_w.l(libshutdown2.o)
    0x0800020e   0x00000000   Code   RO         2721    .ARM.Collect$$rtentry$$00000000  c_w.l(__rtentry.o)
    0x0800020e   0x00000000   Code   RO         2824    .ARM.Collect$$rtentry$$00000002  c_w.l(__rtentry2.o)
    0x0800020e   0x00000006   Code   RO         2836    .ARM.Collect$$rtentry$$00000004  c_w.l(__rtentry4.o)
    0x08000214   0x00000000   Code   RO         2826    .ARM.Collect$$rtentry$$00000009  c_w.l(__rtentry2.o)
    0x08000214   0x00000004   Code   RO         2827    .ARM.Collect$$rtentry$$0000000A  c_w.l(__rtentry2.o)
    0x08000218   0x00000000   Code   RO         2829    .ARM.Collect$$rtentry$$0000000C  c_w.l(__rtentry2.o)
    0x08000218   0x00000008   Code   RO         2830    .ARM.Collect$$rtentry$$0000000D  c_w.l(__rtentry2.o)
    0x08000220   0x00000002   Code   RO         2927    .ARM.Collect$$rtexit$$00000000  c_w.l(rtexit.o)
    0x08000222   0x00000000   Code   RO         2986    .ARM.Collect$$rtexit$$00000002  c_w.l(rtexit2.o)
    0x08000222   0x00000004   Code   RO         2987    .ARM.Collect$$rtexit$$00000003  c_w.l(rtexit2.o)
    0x08000226   0x00000006   Code   RO         2988    .ARM.Collect$$rtexit$$00000004  c_w.l(rtexit2.o)
    0x0800022c   0x00000038   Code   RO            4    .text               startup_stm32f10x_hd.o
    0x08000264   0x00000002   Code   RO         2564    .text               c_w.l(use_no_semi_2.o)
    0x08000266   0x00000002   PAD
    0x08000268   0x00000018   Code   RO         2570    .text               c_w.l(__2printf.o)
    0x08000280   0x0000004e   Code   RO         2576    .text               c_w.l(_printf_pad.o)
    0x080002ce   0x00000052   Code   RO         2578    .text               c_w.l(_printf_str.o)
    0x08000320   0x00000078   Code   RO         2580    .text               c_w.l(_printf_dec.o)
    0x08000398   0x00000094   Code   RO         2600    .text               c_w.l(_printf_hex_int_ll_ptr.o)
    0x0800042c   0x00000188   Code   RO         2620    .text               c_w.l(__printf_flags_ss_wp.o)
    0x080005b4   0x00000006   Code   RO         2635    .text               c_w.l(heapauxi.o)
    0x080005ba   0x00000002   Code   RO         2719    .text               c_w.l(use_no_semi.o)
    0x080005bc   0x000000b2   Code   RO         2728    .text               c_w.l(_printf_intcommon.o)
    0x0800066e   0x00000002   PAD
    0x08000670   0x00000030   Code   RO         2732    .text               c_w.l(_printf_char_common.o)
    0x080006a0   0x0000002c   Code   RO         2736    .text               c_w.l(_printf_char.o)
    0x080006cc   0x00000024   Code   RO         2738    .text               c_w.l(_printf_char_file.o)
    0x080006f0   0x00000008   Code   RO         2855    .text               c_w.l(ferror.o)
    0x080006f8   0x00000008   Code   RO         2869    .text               c_w.l(libspace.o)
    0x08000700   0x0000004a   Code   RO         2872    .text               c_w.l(sys_stackheap_outer.o)
    0x0800074a   0x00000012   Code   RO         2913    .text               c_w.l(exit.o)
    0x0800075c   0x0000000c   Code   RO         2178    i.ByteSwap          usb_regs.o
    0x08000768   0x00000288   Code   RO         2131    i.CTR_LP            usb_int.o
    0x080009f0   0x00000034   Code   RO         2179    i.ClearDTOG_RX      usb_regs.o
    0x08000a24   0x00000034   Code   RO         2180    i.ClearDTOG_TX      usb_regs.o
    0x08000a58   0x00000028   Code   RO         2185    i.Clear_Status_Out  usb_regs.o
    0x08000a80   0x000000c0   Code   RO         1988    i.DataStageIn       usb_core.o
    0x08000b40   0x000000bc   Code   RO         1989    i.DataStageOut      usb_core.o
    0x08000bfc   0x00000298   Code   RO         1990    i.Data_Setup0       usb_core.o
    0x08000e94   0x00000090   Code   RO         1798    i.EP1_IN_Callback   usb_endp.o
    0x08000f24   0x00000020   Code   RO         1799    i.EP3_OUT_Callback  usb_endp.o
    0x08000f44   0x00000030   Code   RO         1663    i.Enter_LowPowerMode  hw_config.o
    0x08000f74   0x00000020   Code   RO         2197    i.GetEPRxAddr       usb_regs.o
    0x08000f94   0x00000024   Code   RO         2198    i.GetEPRxCount      usb_regs.o
    0x08000fb8   0x00000020   Code   RO         2200    i.GetEPTxAddr       usb_regs.o
    0x08000fd8   0x00000034   Code   RO         1664    i.Get_SerialNum     hw_config.o
    0x0800100c   0x0000003c   Code   RO         1020    i.IIC_Init          myiic.o
    0x08001048   0x00000070   Code   RO         1991    i.In0_Process       usb_core.o
    0x080010b8   0x0000003e   Code   RO         1665    i.IntToUnicode      hw_config.o
    0x080010f6   0x00000002   PAD
    0x080010f8   0x00000030   Code   RO           61    i.JTAG_Set          sys.o
    0x08001128   0x0000006c   Code   RO          958    i.KEY_Init          key.o
    0x08001194   0x0000006c   Code   RO         1074    i.LCD_Clear         ili93xx.o
    0x08001200   0x000001c0   Code   RO         1078    i.LCD_Display_Dir   ili93xx.o
    0x080013c0   0x0000017c   Code   RO         1083    i.LCD_Fast_DrawPoint  ili93xx.o
    0x0800153c   0x000000bc   Code   RO         1084    i.LCD_Fill          ili93xx.o
    0x080015f8   0x000037d0   Code   RO         1085    i.LCD_Init          ili93xx.o
    0x08004dc8   0x00000016   Code   RO         1086    i.LCD_Pow           ili93xx.o
    0x08004dde   0x00000002   PAD
    0x08004de0   0x00000014   Code   RO         1087    i.LCD_RD_DATA       ili93xx.o
    0x08004df4   0x00000016   Code   RO         1089    i.LCD_ReadReg       ili93xx.o
    0x08004e0a   0x00000002   PAD
    0x08004e0c   0x00000054   Code   RO         1090    i.LCD_SSD_BackLightSet  ili93xx.o
    0x08004e60   0x000002ec   Code   RO         1091    i.LCD_Scan_Dir      ili93xx.o
    0x0800514c   0x000001a8   Code   RO         1092    i.LCD_SetCursor     ili93xx.o
    0x080052f4   0x00000128   Code   RO         1094    i.LCD_ShowChar      ili93xx.o
    0x0800541c   0x00000094   Code   RO         1095    i.LCD_ShowNum       ili93xx.o
    0x080054b0   0x00000066   Code   RO         1096    i.LCD_ShowString    ili93xx.o
    0x08005516   0x00000002   PAD
    0x08005518   0x0000000c   Code   RO         1098    i.LCD_WR_DATA       ili93xx.o
    0x08005524   0x0000000c   Code   RO         1099    i.LCD_WR_REG        ili93xx.o
    0x08005530   0x00000014   Code   RO         1101    i.LCD_WriteRAM_Prepare  ili93xx.o
    0x08005544   0x00000010   Code   RO         1102    i.LCD_WriteReg      ili93xx.o
    0x08005554   0x00000070   Code   RO          294    i.LED_Init          led.o
    0x080055c4   0x00000040   Code   RO         1666    i.Leave_LowPowerMode  hw_config.o
    0x08005604   0x00000050   Code   RO          307    i.MPU_Get_Gyroscope  mpu6050.o
    0x08005654   0x00000068   Code   RO          308    i.MPU_Get_Temperature  mpu6050.o
    0x080056bc   0x0000004c   Code   RO          384    i.MPU_IIC_Ack       mpuiic.o
    0x08005708   0x0000000a   Code   RO          385    i.MPU_IIC_Delay     mpuiic.o
    0x08005712   0x00000002   PAD
    0x08005714   0x0000003c   Code   RO          386    i.MPU_IIC_Init      mpuiic.o
    0x08005750   0x0000004c   Code   RO          387    i.MPU_IIC_NAck      mpuiic.o
    0x0800579c   0x0000006c   Code   RO          388    i.MPU_IIC_Read_Byte  mpuiic.o
    0x08005808   0x0000005c   Code   RO          389    i.MPU_IIC_Send_Byte  mpuiic.o
    0x08005864   0x00000048   Code   RO          390    i.MPU_IIC_Start     mpuiic.o
    0x080058ac   0x00000048   Code   RO          391    i.MPU_IIC_Stop      mpuiic.o
    0x080058f4   0x00000064   Code   RO          392    i.MPU_IIC_Wait_Ack  mpuiic.o
    0x08005958   0x000000b4   Code   RO          309    i.MPU_Init          mpu6050.o
    0x08005a0c   0x0000003a   Code   RO          310    i.MPU_Read_Byte     mpu6050.o
    0x08005a46   0x00000074   Code   RO          311    i.MPU_Read_Len      mpu6050.o
    0x08005aba   0x00000010   Code   RO          312    i.MPU_Set_Accel_Fsr  mpu6050.o
    0x08005aca   0x00000010   Code   RO          313    i.MPU_Set_Gyro_Fsr  mpu6050.o
    0x08005ada   0x0000003a   Code   RO          314    i.MPU_Set_LPF       mpu6050.o
    0x08005b14   0x0000003a   Code   RO          315    i.MPU_Set_Rate      mpu6050.o
    0x08005b4e   0x00000044   Code   RO          316    i.MPU_Write_Byte    mpu6050.o
    0x08005b92   0x00000002   PAD
    0x08005b94   0x00000068   Code   RO           62    i.MYRCC_DeInit      sys.o
    0x08005bfc   0x00000078   Code   RO           63    i.MY_NVIC_Init      sys.o
    0x08005c74   0x00000028   Code   RO           64    i.MY_NVIC_PriorityGroupConfig  sys.o
    0x08005c9c   0x00000014   Code   RO           65    i.MY_NVIC_SetVectorTable  sys.o
    0x08005cb0   0x00000002   Code   RO         1992    i.NOP_Process       usb_core.o
    0x08005cb2   0x00000002   PAD
    0x08005cb4   0x00000050   Code   RO         1283    i.NRF24L01_Check    24l01.o
    0x08005d04   0x000000c8   Code   RO         1284    i.NRF24L01_Init     24l01.o
    0x08005dcc   0x0000003c   Code   RO         1286    i.NRF24L01_Read_Buf  24l01.o
    0x08005e08   0x0000002c   Code   RO         1287    i.NRF24L01_Read_Reg  24l01.o
    0x08005e34   0x00000068   Code   RO         1289    i.NRF24L01_TX_Mode  24l01.o
    0x08005e9c   0x00000068   Code   RO         1290    i.NRF24L01_TxPacket  24l01.o
    0x08005f04   0x0000003c   Code   RO         1291    i.NRF24L01_Write_Buf  24l01.o
    0x08005f40   0x00000030   Code   RO         1292    i.NRF24L01_Write_Reg  24l01.o
    0x08005f70   0x00000138   Code   RO         1993    i.NoData_Setup0     usb_core.o
    0x080060a8   0x00000050   Code   RO         1994    i.Out0_Process      usb_core.o
    0x080060f8   0x00000028   Code   RO         2160    i.PMAToUserBufferCopy  usb_mem.o
    0x08006120   0x00000048   Code   RO         1995    i.Post0_Process     usb_core.o
    0x08006168   0x00000040   Code   RO         1946    i.PowerOn           usb_pwr.o
    0x080061a8   0x000000d0   Code   RO         1947    i.Resume            usb_pwr.o
    0x08006278   0x00000024   Code   RO         1948    i.Resume_Init       usb_pwr.o
    0x0800629c   0x00000030   Code   RO         1800    i.SOF_Callback      usb_endp.o
    0x080062cc   0x000000b4   Code   RO         1352    i.SPI2_Init         spi.o
    0x08006380   0x00000058   Code   RO         1353    i.SPI2_ReadWriteByte  spi.o
    0x080063d8   0x0000002c   Code   RO         1354    i.SPI2_SetSpeed     spi.o
    0x08006404   0x00000010   Code   RO         2208    i.SetBTABLE         usb_regs.o
    0x08006414   0x00000050   Code   RO         1996    i.SetDeviceAddress  usb_core.o
    0x08006464   0x00000024   Code   RO         2222    i.SetEPRxAddr       usb_regs.o
    0x08006488   0x0000004c   Code   RO         2223    i.SetEPRxCount      usb_regs.o
    0x080064d4   0x00000040   Code   RO         2224    i.SetEPRxStatus     usb_regs.o
    0x08006514   0x00000034   Code   RO         2225    i.SetEPRxValid      usb_regs.o
    0x08006548   0x00000020   Code   RO         2226    i.SetEPTxAddr       usb_regs.o
    0x08006568   0x0000001c   Code   RO         2227    i.SetEPTxCount      usb_regs.o
    0x08006584   0x00000040   Code   RO         2228    i.SetEPTxStatus     usb_regs.o
    0x080065c4   0x00000034   Code   RO         2229    i.SetEPTxValid      usb_regs.o
    0x080065f8   0x00000024   Code   RO         2230    i.SetEPType         usb_regs.o
    0x0800661c   0x000000b8   Code   RO         1997    i.Setup0_Process    usb_core.o
    0x080066d4   0x0000016c   Code   RO         1998    i.Standard_ClearFeature  usb_core.o
    0x08006840   0x0000002c   Code   RO         1999    i.Standard_GetConfiguration  usb_core.o
    0x0800686c   0x00000024   Code   RO         2000    i.Standard_GetDescriptorData  usb_core.o
    0x08006890   0x0000002c   Code   RO         2001    i.Standard_GetInterface  usb_core.o
    0x080068bc   0x00000100   Code   RO         2002    i.Standard_GetStatus  usb_core.o
    0x080069bc   0x00000048   Code   RO         2003    i.Standard_SetConfiguration  usb_core.o
    0x08006a04   0x00000028   Code   RO         2004    i.Standard_SetDeviceFeature  usb_core.o
    0x08006a2c   0x000000d0   Code   RO         2005    i.Standard_SetEndPointFeature  usb_core.o
    0x08006afc   0x0000006c   Code   RO         2006    i.Standard_SetInterface  usb_core.o
    0x08006b68   0x00000090   Code   RO           66    i.Stm32_Clock_Init  sys.o
    0x08006bf8   0x0000009c   Code   RO         1949    i.Suspend           usb_pwr.o
    0x08006c94   0x0000003c   Code   RO         1502    i.TIM4_IRQHandler   usmart.o
    0x08006cd0   0x00000050   Code   RO         1503    i.Timer4_Init       usmart.o
    0x08006d20   0x00000084   Code   RO          139    i.USART1_IRQHandler  usart.o
    0x08006da4   0x000000b4   Code   RO         1668    i.USART_Config      hw_config.o
    0x08006e58   0x00000014   Code   RO         1669    i.USBWakeUp_IRQHandler  hw_config.o
    0x08006e6c   0x00000048   Code   RO         1670    i.USB_Cable_Config  hw_config.o
    0x08006eb4   0x000001d0   Code   RO         1826    i.USB_Istr          usb_istr.o
    0x08007084   0x00000008   Code   RO         1672    i.USB_LP_CAN1_RX0_IRQHandler  hw_config.o
    0x0800708c   0x00000024   Code   RO         2538    i.USB_SIL_Init      usb_sil.o
    0x080070b0   0x0000002e   Code   RO         2539    i.USB_SIL_Read      usb_sil.o
    0x080070de   0x00000002   PAD
    0x080070e0   0x00000080   Code   RO         1674    i.USB_To_USART_Send_Data  hw_config.o
    0x08007160   0x00000038   Code   RO         2161    i.UserToPMABufferCopy  usb_mem.o
    0x08007198   0x00000064   Code   RO         1844    i.Virtual_Com_Port_Data_Setup  usb_prop.o
    0x080071fc   0x00000014   Code   RO         1845    i.Virtual_Com_Port_GetConfigDescriptor  usb_prop.o
    0x08007210   0x00000014   Code   RO         1846    i.Virtual_Com_Port_GetDeviceDescriptor  usb_prop.o
    0x08007224   0x0000001c   Code   RO         1847    i.Virtual_Com_Port_GetLineCoding  usb_prop.o
    0x08007240   0x00000028   Code   RO         1848    i.Virtual_Com_Port_GetStringDescriptor  usb_prop.o
    0x08007268   0x00000016   Code   RO         1849    i.Virtual_Com_Port_Get_Interface_Setting  usb_prop.o
    0x0800727e   0x00000002   PAD
    0x08007280   0x00000028   Code   RO         1850    i.Virtual_Com_Port_NoData_Setup  usb_prop.o
    0x080072a8   0x000000e8   Code   RO         1851    i.Virtual_Com_Port_Reset  usb_prop.o
    0x08007390   0x00000018   Code   RO         1852    i.Virtual_Com_Port_SetConfiguration  usb_prop.o
    0x080073a8   0x0000000c   Code   RO         1853    i.Virtual_Com_Port_SetDeviceAddress  usb_prop.o
    0x080073b4   0x0000001c   Code   RO         1854    i.Virtual_Com_Port_SetLineCoding  usb_prop.o
    0x080073d0   0x0000001c   Code   RO         1855    i.Virtual_Com_Port_Status_In  usb_prop.o
    0x080073ec   0x00000002   Code   RO         1856    i.Virtual_Com_Port_Status_Out  usb_prop.o
    0x080073ee   0x00000002   PAD
    0x080073f0   0x00000028   Code   RO         1857    i.Virtual_Com_Port_init  usb_prop.o
    0x08007418   0x00000030   Code   RO         1462    i.WWDG_IRQHandler   wdg.o
    0x08007448   0x00000010   Code   RO         1464    i.WWDG_Set_Counter  wdg.o
    0x08007458   0x0000000e   Code   RO         2613    i._is_digit         c_w.l(__printf_wp.o)
    0x08007466   0x00000006   Code   RO          140    i._sys_exit         usart.o
    0x0800746c   0x00000040   Code   RO           10    i.delay_init        delay.o
    0x080074ac   0x0000003c   Code   RO           11    i.delay_ms          delay.o
    0x080074e8   0x0000003c   Code   RO           12    i.delay_us          delay.o
    0x08007524   0x0000001c   Code   RO          141    i.fputc             usart.o
    0x08007540   0x000001c0   Code   RO          180    i.main              transmit.o
    0x08007700   0x00000006   Code   RO         1504    i.read_addr         usmart.o
    0x08007706   0x00000002   PAD
    0x08007708   0x000000dc   Code   RO          142    i.uart_init         usart.o
    0x080077e4   0x000000b0   Code   RO         1505    i.usmart_cmd_rec    usmart.o
    0x08007894   0x000002d4   Code   RO         1506    i.usmart_exe        usmart.o
    0x08007b68   0x000000d4   Code   RO         1591    i.usmart_get_aparm  usmart_str.o
    0x08007c3c   0x00000036   Code   RO         1592    i.usmart_get_cmdname  usmart_str.o
    0x08007c72   0x00000002   PAD
    0x08007c74   0x000001c0   Code   RO         1593    i.usmart_get_fname  usmart_str.o
    0x08007e34   0x0000010c   Code   RO         1594    i.usmart_get_fparam  usmart_str.o
    0x08007f40   0x00000020   Code   RO         1595    i.usmart_get_parmpos  usmart_str.o
    0x08007f60   0x00000040   Code   RO         1507    i.usmart_get_runtime  usmart.o
    0x08007fa0   0x00000028   Code   RO         1508    i.usmart_init       usmart.o
    0x08007fc8   0x00000016   Code   RO         1596    i.usmart_pow        usmart_str.o
    0x08007fde   0x00000002   PAD
    0x08007fe0   0x00000030   Code   RO         1509    i.usmart_reset_runtime  usmart.o
    0x08008010   0x000000bc   Code   RO         1510    i.usmart_scan       usmart.o
    0x080080cc   0x00000016   Code   RO         1597    i.usmart_search_nextc  usmart_str.o
    0x080080e2   0x00000106   Code   RO         1598    i.usmart_str2num    usmart_str.o
    0x080081e8   0x00000022   Code   RO         1599    i.usmart_strcmp     usmart_str.o
    0x0800820a   0x00000016   Code   RO         1600    i.usmart_strcopy    usmart_str.o
    0x08008220   0x00000018   Code   RO         1601    i.usmart_strlen     usmart_str.o
    0x08008238   0x000006f4   Code   RO         1511    i.usmart_sys_cmd_exe  usmart.o
    0x0800892c   0x00000004   Code   RO         1512    i.write_addr        usmart.o
    0x08008930   0x00000062   Code   RO         2639    x$fpl$d2f           fz_ws.l(d2f.o)
    0x08008992   0x00000002   PAD
    0x08008994   0x00000150   Code   RO         2641    x$fpl$dadd          fz_ws.l(daddsub_clz.o)
    0x08008ae4   0x000002b0   Code   RO         2648    x$fpl$ddiv          fz_ws.l(ddiv.o)
    0x08008d94   0x0000005a   Code   RO         2655    x$fpl$dfixu         fz_ws.l(dfixu.o)
    0x08008dee   0x0000002e   Code   RO         2660    x$fpl$dflt          fz_ws.l(dflt_clz.o)
    0x08008e1c   0x00000026   Code   RO         2659    x$fpl$dfltu         fz_ws.l(dflt_clz.o)
    0x08008e42   0x00000002   PAD
    0x08008e44   0x00000154   Code   RO         2665    x$fpl$dmul          fz_ws.l(dmul.o)
    0x08008f98   0x0000009c   Code   RO         2771    x$fpl$dnaninf       fz_ws.l(dnaninf.o)
    0x08009034   0x0000000c   Code   RO         2773    x$fpl$dretinf       fz_ws.l(dretinf.o)
    0x08009040   0x000001d4   Code   RO         2643    x$fpl$dsub          fz_ws.l(daddsub_clz.o)
    0x08009214   0x000000c4   Code   RO         2669    x$fpl$fadd          fz_ws.l(faddsub_clz.o)
    0x080092d8   0x00000184   Code   RO         2676    x$fpl$fdiv          fz_ws.l(fdiv.o)
    0x0800945c   0x00000036   Code   RO         2681    x$fpl$ffix          fz_ws.l(ffix.o)
    0x08009492   0x00000002   PAD
    0x08009494   0x0000003e   Code   RO         2685    x$fpl$ffixu         fz_ws.l(ffixu.o)
    0x080094d2   0x00000002   PAD
    0x080094d4   0x00000026   Code   RO         2689    x$fpl$ffltu         fz_ws.l(fflt_clz.o)
    0x080094fa   0x00000002   PAD
    0x080094fc   0x00000102   Code   RO         2697    x$fpl$fmul          fz_ws.l(fmul.o)
    0x080095fe   0x0000008c   Code   RO         2777    x$fpl$fnaninf       fz_ws.l(fnaninf.o)
    0x0800968a   0x0000000a   Code   RO         2779    x$fpl$fretinf       fz_ws.l(fretinf.o)
    0x08009694   0x00000014   Code   RO         2670    x$fpl$frsb          fz_ws.l(faddsub_clz.o)
    0x080096a8   0x000000ea   Code   RO         2671    x$fpl$fsub          fz_ws.l(faddsub_clz.o)
    0x08009792   0x00000000   Code   RO         2785    x$fpl$usenofp       fz_ws.l(usenofp.o)
    0x08009792   0x000017c0   Data   RO         1105    .constdata          ili93xx.o
    0x0800af52   0x0000000a   Data   RO         1293    .constdata          24l01.o
    0x0800af5c   0x000000b1   Data   RO         1785    .constdata          usb_desc.o
    0x0800b00d   0x00000028   Data   RO         2601    .constdata          c_w.l(_printf_hex_int_ll_ptr.o)
    0x0800b035   0x00000011   Data   RO         2621    .constdata          c_w.l(__printf_flags_ss_wp.o)
    0x0800b046   0x00000002   PAD
    0x0800b048   0x00000028   Data   RO         1513    .conststring        usmart.o
    0x0800b070   0x000000cb   Data   RO         1578    .conststring        usmart_config.o
    0x0800b13b   0x00000001   PAD
    0x0800b13c   0x00000020   Data   RO         3058    Region$$Table       anon$$obj.o


    Execution Region RW_IRAM1 (Base: 0x20000000, Size: 0x00000fc0, Max: 0x00010000, ABSOLUTE, COMPRESSED[0x000000dc])

    Base Addr    Size         Type   Attr      Idx    E Section Name        Object

    0x20000000   0x00000004   Data   RW           13    .data               delay.o
    0x20000004   0x00000006   Data   RW          144    .data               usart.o
    0x2000000a   0x00000004   Data   RW         1106    .data               ili93xx.o
    0x2000000e   0x00000001   Data   RW         1465    .data               wdg.o
    0x2000000f   0x00000001   PAD
    0x20000010   0x0000001c   Data   RW         1514    .data               usmart.o
    0x2000002c   0x0000012c   Data   RW         1579    .data               usmart_config.o
    0x20000158   0x00000002   Data   RW         1678    .data               hw_config.o
    0x2000015a   0x0000001a   Data   RW         1786    .data               usb_desc.o
    0x20000174   0x00000004   Data   RW         1802    .data               usb_endp.o
    0x20000178   0x00000044   Data   RW         1827    .data               usb_istr.o
    0x200001bc   0x00000094   Data   RW         1858    .data               usb_prop.o
    0x20000250   0x0000000c   Data   RW         1951    .data               usb_pwr.o
    0x2000025c   0x00000003   Data   RW         2007    .data               usb_core.o
    0x2000025f   0x00000001   PAD
    0x20000260   0x00000014   Data   RW         2109    .data               usb_init.o
    0x20000274   0x00000004   Data   RW         2132    .data               usb_int.o
    0x20000278   0x000000c8   Zero   RW          143    .bss                usart.o
    0x20000340   0x0000000e   Zero   RW         1104    .bss                ili93xx.o
    0x2000034e   0x00000594   Zero   RW         1677    .bss                hw_config.o
    0x200008e2   0x00000040   Zero   RW         1801    .bss                usb_endp.o
    0x20000922   0x00000002   PAD
    0x20000924   0x00000020   Zero   RW         1950    .bss                usb_pwr.o
    0x20000944   0x0000001c   Zero   RW         2108    .bss                usb_init.o
    0x20000960   0x00000060   Zero   RW         2870    .bss                c_w.l(libspace.o)
    0x200009c0   0x00000200   Zero   RW            2    HEAP                startup_stm32f10x_hd.o
    0x20000bc0   0x00000400   Zero   RW            1    STACK               startup_stm32f10x_hd.o


==============================================================================

Image component sizes


      Code (inc. data)   RO Data    RW Data    ZI Data      Debug   Object Name

       700         86         10          0          0       5554   24l01.o
       184         16          0          4          0     209227   delay.o
       634        258          0          2       1428       7583   hw_config.o
     17338        208       6080          4         14      22286   ili93xx.o
       108         22          0          0          0        427   key.o
       112         12          0          0          0        435   led.o
       754         30          0          0          0       6589   mpu6050.o
       666        102          0          0          0       4666   mpuiic.o
        60          8          0          0          0        427   myiic.o
       312         28          0          0          0       1565   spi.o
        56         22        304          0       1536        796   startup_stm32f10x_hd.o
       476         54          0          0          0       3287   sys.o
       448         90          0          0          0       3471   transmit.o
       386         36          0          6        200       3996   usart.o
      3058        288          0          3          0      14667   usb_core.o
         0          0        177         26          0       1059   usb_desc.o
       224         20          0          4         64       2232   usb_endp.o
         0          0          0         20         28       3647   usb_init.o
       648         32          0          4          0       1764   usb_int.o
       464         38          0         68          0       1591   usb_istr.o
        96         10          0          0          0       1808   usb_mem.o
       636        104          0        148          0      11425   usb_prop.o
       464         52          0         12         32       3552   usb_pwr.o
       712        100          0          0          0       9967   usb_regs.o
        82          8          0          0          0       1502   usb_sil.o
      3170       1350         40         28          0       7286   usmart.o
         0          0        203        300          0       1552   usmart_config.o
      1400         20          0          0          0       8477   usmart_str.o
        64         20          0          1          0       1120   wdg.o

    ----------------------------------------------------------------------
     33278       3014       6847        632       3304     341958   Object Totals
         0          0         32          0          0          0   (incl. Generated)
        26          0          1          2          2          0   (incl. Padding)

    ----------------------------------------------------------------------

      Code (inc. data)   RO Data    RW Data    ZI Data      Debug   Library Member Name

        24          4          0          0          0         84   __2printf.o
        90          0          0          0          0          0   __dczerorl2.o
         8          0          0          0          0         68   __main.o
       392          4         17          0          0         92   __printf_flags_ss_wp.o
        14          0          0          0          0         68   __printf_wp.o
         0          0          0          0          0          0   __rtentry.o
        12          0          0          0          0          0   __rtentry2.o
         6          0          0          0          0          0   __rtentry4.o
        52          8          0          0          0          0   __scatter.o
        28          0          0          0          0          0   __scatter_zi.o
         6          0          0          0          0          0   _printf_c.o
        44          0          0          0          0        108   _printf_char.o
        48          6          0          0          0         96   _printf_char_common.o
        36          4          0          0          0         80   _printf_char_file.o
         6          0          0          0          0          0   _printf_d.o
       120         16          0          0          0         92   _printf_dec.o
       148          4         40          0          0        160   _printf_hex_int_ll_ptr.o
       178          0          0          0          0         88   _printf_intcommon.o
        78          0          0          0          0        108   _printf_pad.o
         0          0          0          0          0          0   _printf_percent.o
         4          0          0          0          0          0   _printf_percent_end.o
         6          0          0          0          0          0   _printf_s.o
        82          0          0          0          0         80   _printf_str.o
         6          0          0          0          0          0   _printf_u.o
         6          0          0          0          0          0   _printf_x.o
        18          0          0          0          0         80   exit.o
         8          0          0          0          0         68   ferror.o
         6          0          0          0          0        152   heapauxi.o
         2          0          0          0          0          0   libinit.o
         2          0          0          0          0          0   libinit2.o
         2          0          0          0          0          0   libshutdown.o
         2          0          0          0          0          0   libshutdown2.o
         8          4          0          0         96         68   libspace.o
         2          0          0          0          0          0   rtexit.o
        10          0          0          0          0          0   rtexit2.o
        74          0          0          0          0         80   sys_stackheap_outer.o
         2          0          0          0          0         68   use_no_semi.o
         2          0          0          0          0         68   use_no_semi_2.o
        98          4          0          0          0         92   d2f.o
       804         16          0          0          0        272   daddsub_clz.o
       688        140          0          0          0        208   ddiv.o
        90          4          0          0          0         92   dfixu.o
        84          0          0          0          0        136   dflt_clz.o
       340         12          0          0          0        104   dmul.o
       156          4          0          0          0         92   dnaninf.o
        12          0          0          0          0         68   dretinf.o
       450          8          0          0          0        236   faddsub_clz.o
       388         76          0          0          0         96   fdiv.o
        54          4          0          0          0         84   ffix.o
        62          4          0          0          0         84   ffixu.o
        38          0          0          0          0         68   fflt_clz.o
       258          4          0          0          0         84   fmul.o
       140          4          0          0          0         84   fnaninf.o
        10          0          0          0          0         68   fretinf.o
         0          0          0          0          0          0   usenofp.o

    ----------------------------------------------------------------------
      5220        330         59          0         96       3576   Library Totals
        16          0          2          0          0          0   (incl. Padding)

    ----------------------------------------------------------------------

      Code (inc. data)   RO Data    RW Data    ZI Data      Debug   Library Name

      1532         50         57          0         96       1708   c_w.l
      3672        280          0          0          0       1868   fz_ws.l

    ----------------------------------------------------------------------
      5220        330         59          0         96       3576   Library Totals

    ----------------------------------------------------------------------

==============================================================================


      Code (inc. data)   RO Data    RW Data    ZI Data      Debug   

     38498       3344       6906        632       3400     335598   Grand Totals
     38498       3344       6906        220       3400     335598   ELF Image Totals (compressed)
     38498       3344       6906        220          0          0   ROM Totals

==============================================================================

    Total RO  Size (Code + RO Data)                45404 (  44.34kB)
    Total RW  Size (RW Data + ZI Data)              4032 (   3.94kB)
    Total ROM Size (Code + RO Data + RW Data)      45624 (  44.55kB)

==============================================================================

